Archive member included to satisfy reference by file (symbol)

./libopencm3//lib/libopencm3_stm32f0.a(adc.o)
                              build/main.o (adc_enable_external_trigger_regular)
./libopencm3//lib/libopencm3_stm32f0.a(adc_common_v2.o)
                              build/main.o (adc_power_on)
./libopencm3//lib/libopencm3_stm32f0.a(dma_common_l1f013.o)
                              build/main.o (dma_clear_interrupt_flags)
./libopencm3//lib/libopencm3_stm32f0.a(dma_common_csel.o)
                              build/main.o (dma_set_channel_request)
./libopencm3//lib/libopencm3_stm32f0.a(exti_common_all.o)
                              build/main.o (exti_set_trigger)
./libopencm3//lib/libopencm3_stm32f0.a(gpio_common_all.o)
                              build/main.o (gpio_set)
./libopencm3//lib/libopencm3_stm32f0.a(gpio_common_f0234.o)
                              build/main.o (gpio_mode_setup)
./libopencm3//lib/libopencm3_stm32f0.a(iwdg_common_all.o)
                              build/main.o (iwdg_start)
./libopencm3//lib/libopencm3_stm32f0.a(i2c_common_v2.o)
                              build/main.o (i2c_peripheral_enable)
./libopencm3//lib/libopencm3_stm32f0.a(rcc.o)
                              build/main.o (rcc_set_i2c_clock_sysclk)
./libopencm3//lib/libopencm3_stm32f0.a(rcc_common_all.o)
                              build/main.o (rcc_periph_clock_enable)
./libopencm3//lib/libopencm3_stm32f0.a(timer_common_all.o)
                              build/main.o (timer_enable_irq)
./libopencm3//lib/libopencm3_stm32f0.a(usart_common_all.o)
                              build/main.o (usart_set_baudrate)
./libopencm3//lib/libopencm3_stm32f0.a(usart_common_v2.o)
                              ./libopencm3//lib/libopencm3_stm32f0.a(usart_common_all.o) (usart_send)
./libopencm3//lib/libopencm3_stm32f0.a(vector.o)
                              (reset_handler)
./libopencm3//lib/libopencm3_stm32f0.a(systick.o)
                              build/main.o (systick_set_frequency)
./libopencm3//lib/libopencm3_stm32f0.a(nvic.o)
                              build/main.o (nvic_enable_irq)
./libopencm3//lib/libopencm3_stm32f0.a(assert.o)
                              ./libopencm3//lib/libopencm3_stm32f0.a(adc.o) (cm3_assert_failed)
./libopencm3//lib/libopencm3_stm32f0.a(flash_common_all.o)
                              ./libopencm3//lib/libopencm3_stm32f0.a(rcc.o) (flash_prefetch_enable)
/usr/lib/gcc/arm-none-eabi/10.2.0/../../../../arm-none-eabi/lib/thumb/v6-m/nofp/libc.a(lib_a-itoa.o)
                              build/main.o (itoa)
/usr/lib/gcc/arm-none-eabi/10.2.0/../../../../arm-none-eabi/lib/thumb/v6-m/nofp/libc.a(lib_a-memcpy-stub.o)
                              build/main.o (memcpy)
/usr/lib/gcc/arm-none-eabi/10.2.0/../../../../arm-none-eabi/lib/thumb/v6-m/nofp/libc.a(lib_a-strlen-stub.o)
                              build/main.o (strlen)
/usr/lib/gcc/arm-none-eabi/10.2.0/../../../../arm-none-eabi/lib/thumb/v6-m/nofp/libc.a(lib_a-utoa.o)
                              /usr/lib/gcc/arm-none-eabi/10.2.0/../../../../arm-none-eabi/lib/thumb/v6-m/nofp/libc.a(lib_a-itoa.o) (__utoa)
/usr/lib/gcc/arm-none-eabi/10.2.0/thumb/v6-m/nofp/libgcc.a(_thumb1_case_sqi.o)
                              build/tinyprintf.o (__gnu_thumb1_case_sqi)
/usr/lib/gcc/arm-none-eabi/10.2.0/thumb/v6-m/nofp/libgcc.a(_thumb1_case_uqi.o)
                              build/main.o (__gnu_thumb1_case_uqi)
/usr/lib/gcc/arm-none-eabi/10.2.0/thumb/v6-m/nofp/libgcc.a(_udivsi3.o)
                              build/main.o (__aeabi_uidiv)
/usr/lib/gcc/arm-none-eabi/10.2.0/thumb/v6-m/nofp/libgcc.a(_divsi3.o)
                              build/main.o (__aeabi_idiv)
/usr/lib/gcc/arm-none-eabi/10.2.0/thumb/v6-m/nofp/libgcc.a(_dvmd_tls.o)
                              /usr/lib/gcc/arm-none-eabi/10.2.0/thumb/v6-m/nofp/libgcc.a(_udivsi3.o) (__aeabi_idiv0)
/usr/lib/gcc/arm-none-eabi/10.2.0/thumb/v6-m/nofp/libgcc.a(_aeabi_ldivmod.o)
                              build/main.o (__aeabi_ldivmod)
/usr/lib/gcc/arm-none-eabi/10.2.0/thumb/v6-m/nofp/libgcc.a(_aeabi_uldivmod.o)
                              build/main.o (__aeabi_uldivmod)
/usr/lib/gcc/arm-none-eabi/10.2.0/thumb/v6-m/nofp/libgcc.a(_muldi3.o)
                              build/main.o (__aeabi_lmul)
/usr/lib/gcc/arm-none-eabi/10.2.0/thumb/v6-m/nofp/libgcc.a(_udivmoddi4.o)
                              /usr/lib/gcc/arm-none-eabi/10.2.0/thumb/v6-m/nofp/libgcc.a(_aeabi_uldivmod.o) (__udivmoddi4)
/usr/lib/gcc/arm-none-eabi/10.2.0/thumb/v6-m/nofp/libgcc.a(bpabi.o)
                              /usr/lib/gcc/arm-none-eabi/10.2.0/thumb/v6-m/nofp/libgcc.a(_aeabi_ldivmod.o) (__gnu_ldivmod_helper)
/usr/lib/gcc/arm-none-eabi/10.2.0/thumb/v6-m/nofp/libgcc.a(divsf3.o)
                              build/ssd1306.o (__aeabi_fdiv)
/usr/lib/gcc/arm-none-eabi/10.2.0/thumb/v6-m/nofp/libgcc.a(mulsf3.o)
                              build/ssd1306.o (__aeabi_fmul)
[...]
Memory Configuration

Name             Origin             Length             Attributes
rom              0x0000000008000000 0x0000000000008000 xr
ram              0x0000000020000000 0x0000000000001000 xrw
*default*        0x0000000000000000 0xffffffffffffffff

Linker script and memory map

LOAD build/main.o
LOAD build/eeprom_i2c.o
LOAD build/font_compressed.o
LOAD build/tinyprintf.o
LOAD build/ssd1306.o
LOAD build/ssd1306_fonts.o
LOAD ./libopencm3//lib/libopencm3_stm32f0.a
START GROUP
LOAD /usr/lib/gcc/arm-none-eabi/10.2.0/../../../../arm-none-eabi/lib/thumb/v6-m/nofp/libc.a
LOAD /usr/lib/gcc/arm-none-eabi/10.2.0/thumb/v6-m/nofp/libgcc.a
LOAD /usr/lib/gcc/arm-none-eabi/10.2.0/../../../../arm-none-eabi/lib/thumb/v6-m/nofp/libnosys.a
END GROUP
START GROUP
LOAD /usr/lib/gcc/arm-none-eabi/10.2.0/thumb/v6-m/nofp/libgcc.a
LOAD /usr/lib/gcc/arm-none-eabi/10.2.0/../../../../arm-none-eabi/lib/thumb/v6-m/nofp/libg.a
LOAD /usr/lib/gcc/arm-none-eabi/10.2.0/../../../../arm-none-eabi/lib/thumb/v6-m/nofp/libc.a
END GROUP

.text           0x0000000008000000     0x3b20
 *(.vectors)
 .vectors       0x0000000008000000       0xc0 ./libopencm3//lib/libopencm3_stm32f0.a(vector.o)
                0x0000000008000000                vector_table
 *(.text*)
 .text.reset_stby_state
                0x00000000080000c0       0x24 build/main.o
 .text.delay_or_evt
                0x00000000080000e4       0x30 build/main.o
 .text.menu_wait
                0x0000000008000114       0x40 build/main.o
 .text.add_encoder_value_bound
                0x0000000008000154       0x30 build/main.o
 .text.load_config
                0x0000000008000184       0x54 build/main.o
 .text.tpf_putcf
                0x00000000080001d8       0x10 build/main.o
 .text.update_config
                0x00000000080001e8       0xf8 build/main.o
 .text.load_default_config
                0x00000000080002e0       0x7c build/main.o
 .text.show_menu.part.0
                0x000000000800035c      0x134 build/main.o
 .text.show_config_menu.part.0
                0x0000000008000490      0x114 build/main.o
 .text.sys_tick_handler
                0x00000000080005a4       0xf0 build/main.o
                0x00000000080005a4                sys_tick_handler
 .text.exti4_15_isr
                0x0000000008000694       0xa8 build/main.o
                0x0000000008000694                exti4_15_isr
 .text.dma1_channel1_isr
                0x000000000800073c      0x134 build/main.o
                0x000000000800073c                dma1_channel1_isr
 .text.tim3_isr
                0x0000000008000870       0x20 build/main.o
                0x0000000008000870                tim3_isr
 .text.startup.main
                0x0000000008000890      0x854 build/main.o
                0x0000000008000890                main
 .text.eeprom_read
                0x00000000080010e4       0x80 build/eeprom_i2c.o
                0x00000000080010e4                eeprom_read
 .text.eeprom_write
                0x0000000008001164       0x70 build/eeprom_i2c.o
                0x0000000008001164                eeprom_write
 .text.ulli2a   0x00000000080011d4       0xb6 build/tinyprintf.o
 .text.uli2a    0x000000000800128a       0x84 build/tinyprintf.o
 .text.putchw   0x000000000800130e       0xea build/tinyprintf.o
 .text._vsnprintf_putcf
                0x00000000080013f8       0x14 build/tinyprintf.o
 .text.tfp_format
                0x000000000800140c      0x22e build/tinyprintf.o
                0x000000000800140c                tfp_format
 *fill*         0x000000000800163a        0x2 
 .text.init_printf
                0x000000000800163c       0x14 build/tinyprintf.o
                0x000000000800163c                init_printf
 .text.tfp_printf
                0x0000000008001650       0x28 build/tinyprintf.o
                0x0000000008001650                tfp_printf
 .text.tfp_vsnprintf
                0x0000000008001678       0x34 build/tinyprintf.o
                0x0000000008001678                tfp_vsnprintf
 .text.tfp_snprintf
                0x00000000080016ac       0x16 build/tinyprintf.o
                0x00000000080016ac                tfp_snprintf
 .text.get_bits
                0x00000000080016c2       0x2e build/ssd1306.o
 .text.ssd1306_i2c_send
                0x00000000080016f0       0x70 build/ssd1306.o
 .text.ssd1306_WriteCommand
                0x0000000008001760       0x12 build/ssd1306.o
                0x0000000008001760                ssd1306_WriteCommand
 .text.ssd1306_WriteData
                0x0000000008001772        0xe build/ssd1306.o
                0x0000000008001772                ssd1306_WriteData
 .text.ssd1306_Fill
                0x0000000008001780       0x1c build/ssd1306.o
                0x0000000008001780                ssd1306_Fill
 .text.ssd1306_UpdateScreen
                0x000000000800179c       0x5c build/ssd1306.o
                0x000000000800179c                ssd1306_UpdateScreen
 .text.ssd1306_DrawPixel
                0x00000000080017f8       0x50 build/ssd1306.o
                0x00000000080017f8                ssd1306_DrawPixel
 .text.ssd1306_WriteCharComp
                0x0000000008001848      0x168 build/ssd1306.o
                0x0000000008001848                ssd1306_WriteCharComp
 .text.ssd1306_WriteStringComp
                0x00000000080019b0       0x40 build/ssd1306.o
                0x00000000080019b0                ssd1306_WriteStringComp
 .text.ssd1306_SetCursor
                0x00000000080019f0        0xc build/ssd1306.o
                0x00000000080019f0                ssd1306_SetCursor
 .text.ssd1306_Line
                0x00000000080019fc       0x90 build/ssd1306.o
                0x00000000080019fc                ssd1306_Line
 .text.ssd1306_DrawCircle
                0x0000000008001a8c       0xaa build/ssd1306.o
                0x0000000008001a8c                ssd1306_DrawCircle
 .text.ssd1306_SetContrast
                0x0000000008001b36       0x12 build/ssd1306.o
                0x0000000008001b36                ssd1306_SetContrast
 .text.ssd1306_SetDisplayOn
                0x0000000008001b48       0x1c build/ssd1306.o
                0x0000000008001b48                ssd1306_SetDisplayOn
 .text.ssd1306_Init
                0x0000000008001b64       0x5c build/ssd1306.o
                0x0000000008001b64                ssd1306_Init
 .text.adc_enable_external_trigger_regular
                0x0000000008001bc0       0x20 ./libopencm3//lib/libopencm3_stm32f0.a(adc.o)
                0x0000000008001bc0                adc_enable_external_trigger_regular
 .text.adc_set_regular_sequence
                0x0000000008001be0       0x6c ./libopencm3//lib/libopencm3_stm32f0.a(adc.o)
                0x0000000008001be0                adc_set_regular_sequence
 .text.adc_set_sample_time_on_all_channels
                0x0000000008001c4c        0x8 ./libopencm3//lib/libopencm3_stm32f0.a(adc.o)
                0x0000000008001c4c                adc_set_sample_time_on_all_channels
 .text.adc_power_on_async
                0x0000000008001c54        0xa ./libopencm3//lib/libopencm3_stm32f0.a(adc_common_v2.o)
                0x0000000008001c54                adc_power_on_async
 .text.adc_power_on
                0x0000000008001c5e       0x12 ./libopencm3//lib/libopencm3_stm32f0.a(adc_common_v2.o)
                0x0000000008001c5e                adc_power_on
 .text.adc_calibrate_async
                0x0000000008001c70        0xc ./libopencm3//lib/libopencm3_stm32f0.a(adc_common_v2.o)
                0x0000000008001c70                adc_calibrate_async
 .text.adc_calibrate
                0x0000000008001c7c       0x10 ./libopencm3//lib/libopencm3_stm32f0.a(adc_common_v2.o)
                0x0000000008001c7c                adc_calibrate
 .text.adc_enable_dma
                0x0000000008001c8c        0xa ./libopencm3//lib/libopencm3_stm32f0.a(adc_common_v2.o)
                0x0000000008001c8c                adc_enable_dma
 *fill*         0x0000000008001c96        0x2 
 .text.adc_enable_vrefint
                0x0000000008001c98       0x14 ./libopencm3//lib/libopencm3_stm32f0.a(adc_common_v2.o)
                0x0000000008001c98                adc_enable_vrefint
 .text.adc_start_conversion_regular
                0x0000000008001cac        0xa ./libopencm3//lib/libopencm3_stm32f0.a(adc_common_v2.o)
                0x0000000008001cac                adc_start_conversion_regular
 .text.dma_clear_interrupt_flags
                0x0000000008001cb6        0xa ./libopencm3//lib/libopencm3_stm32f0.a(dma_common_l1f013.o)
                0x0000000008001cb6                dma_clear_interrupt_flags
 .text.dma_set_priority
                0x0000000008001cc0       0x20 ./libopencm3//lib/libopencm3_stm32f0.a(dma_common_l1f013.o)
                0x0000000008001cc0                dma_set_priority
 .text.dma_set_memory_size
                0x0000000008001ce0       0x20 ./libopencm3//lib/libopencm3_stm32f0.a(dma_common_l1f013.o)
                0x0000000008001ce0                dma_set_memory_size
 .text.dma_set_peripheral_size
                0x0000000008001d00       0x20 ./libopencm3//lib/libopencm3_stm32f0.a(dma_common_l1f013.o)
                0x0000000008001d00                dma_set_peripheral_size
 .text.dma_enable_memory_increment_mode
                0x0000000008001d20       0x14 ./libopencm3//lib/libopencm3_stm32f0.a(dma_common_l1f013.o)
                0x0000000008001d20                dma_enable_memory_increment_mode
 .text.dma_enable_circular_mode
                0x0000000008001d34       0x20 ./libopencm3//lib/libopencm3_stm32f0.a(dma_common_l1f013.o)
                0x0000000008001d34                dma_enable_circular_mode
 .text.dma_set_read_from_peripheral
                0x0000000008001d54       0x14 ./libopencm3//lib/libopencm3_stm32f0.a(dma_common_l1f013.o)
                0x0000000008001d54                dma_set_read_from_peripheral
 .text.dma_enable_transfer_complete_interrupt
                0x0000000008001d68       0x14 ./libopencm3//lib/libopencm3_stm32f0.a(dma_common_l1f013.o)
                0x0000000008001d68                dma_enable_transfer_complete_interrupt
 .text.dma_enable_channel
                0x0000000008001d7c       0x14 ./libopencm3//lib/libopencm3_stm32f0.a(dma_common_l1f013.o)
                0x0000000008001d7c                dma_enable_channel
 .text.dma_set_peripheral_address
                0x0000000008001d90       0x12 ./libopencm3//lib/libopencm3_stm32f0.a(dma_common_l1f013.o)
                0x0000000008001d90                dma_set_peripheral_address
 .text.dma_set_memory_address
                0x0000000008001da2       0x12 ./libopencm3//lib/libopencm3_stm32f0.a(dma_common_l1f013.o)
                0x0000000008001da2                dma_set_memory_address
 .text.dma_set_number_of_data
                0x0000000008001db4        0xe ./libopencm3//lib/libopencm3_stm32f0.a(dma_common_l1f013.o)
                0x0000000008001db4                dma_set_number_of_data
 .text.dma_set_channel_request
                0x0000000008001dc2       0x1c ./libopencm3//lib/libopencm3_stm32f0.a(dma_common_csel.o)
                0x0000000008001dc2                dma_set_channel_request
 *fill*         0x0000000008001dde        0x2 
 .text.exti_set_trigger
                0x0000000008001de0       0x40 ./libopencm3//lib/libopencm3_stm32f0.a(exti_common_all.o)
                0x0000000008001de0                exti_set_trigger
 .text.exti_enable_request
                0x0000000008001e20       0x1c ./libopencm3//lib/libopencm3_stm32f0.a(exti_common_all.o)
                0x0000000008001e20                exti_enable_request
 .text.exti_reset_request
                0x0000000008001e3c        0xc ./libopencm3//lib/libopencm3_stm32f0.a(exti_common_all.o)
                0x0000000008001e3c                exti_reset_request
 .text.exti_select_source
                0x0000000008001e48       0x80 ./libopencm3//lib/libopencm3_stm32f0.a(exti_common_all.o)
                0x0000000008001e48                exti_select_source
 .text.gpio_set
                0x0000000008001ec8        0x4 ./libopencm3//lib/libopencm3_stm32f0.a(gpio_common_all.o)
                0x0000000008001ec8                gpio_set
 .text.gpio_clear
                0x0000000008001ecc        0x6 ./libopencm3//lib/libopencm3_stm32f0.a(gpio_common_all.o)
                0x0000000008001ecc                gpio_clear
 .text.gpio_get
                0x0000000008001ed2        0x6 ./libopencm3//lib/libopencm3_stm32f0.a(gpio_common_all.o)
                0x0000000008001ed2                gpio_get
 .text.gpio_mode_setup
                0x0000000008001ed8       0x40 ./libopencm3//lib/libopencm3_stm32f0.a(gpio_common_f0234.o)
                0x0000000008001ed8                gpio_mode_setup
 .text.gpio_set_output_options
                0x0000000008001f18       0x3c ./libopencm3//lib/libopencm3_stm32f0.a(gpio_common_f0234.o)
                0x0000000008001f18                gpio_set_output_options
 .text.gpio_set_af
                0x0000000008001f54       0x58 ./libopencm3//lib/libopencm3_stm32f0.a(gpio_common_f0234.o)
                0x0000000008001f54                gpio_set_af
 .text.iwdg_start
                0x0000000008001fac       0x10 ./libopencm3//lib/libopencm3_stm32f0.a(iwdg_common_all.o)
                0x0000000008001fac                iwdg_start
 .text.iwdg_reload_busy
                0x0000000008001fbc       0x10 ./libopencm3//lib/libopencm3_stm32f0.a(iwdg_common_all.o)
                0x0000000008001fbc                iwdg_reload_busy
 .text.iwdg_set_period_ms
                0x0000000008001fcc       0x5c ./libopencm3//lib/libopencm3_stm32f0.a(iwdg_common_all.o)
                0x0000000008001fcc                iwdg_set_period_ms
 .text.iwdg_reset
                0x0000000008002028       0x10 ./libopencm3//lib/libopencm3_stm32f0.a(iwdg_common_all.o)
                0x0000000008002028                iwdg_reset
 .text.i2c_peripheral_enable
                0x0000000008002038        0xa ./libopencm3//lib/libopencm3_stm32f0.a(i2c_common_v2.o)
                0x0000000008002038                i2c_peripheral_enable
 .text.i2c_send_start
                0x0000000008002042        0xc ./libopencm3//lib/libopencm3_stm32f0.a(i2c_common_v2.o)
                0x0000000008002042                i2c_send_start
 .text.i2c_send_data
                0x000000000800204e        0x4 ./libopencm3//lib/libopencm3_stm32f0.a(i2c_common_v2.o)
                0x000000000800204e                i2c_send_data
 .text.i2c_set_prescaler
                0x0000000008002052        0xe ./libopencm3//lib/libopencm3_stm32f0.a(i2c_common_v2.o)
                0x0000000008002052                i2c_set_prescaler
 .text.i2c_set_data_setup_time
                0x0000000008002060       0x14 ./libopencm3//lib/libopencm3_stm32f0.a(i2c_common_v2.o)
                0x0000000008002060                i2c_set_data_setup_time
 .text.i2c_set_data_hold_time
                0x0000000008002074       0x14 ./libopencm3//lib/libopencm3_stm32f0.a(i2c_common_v2.o)
                0x0000000008002074                i2c_set_data_hold_time
 .text.i2c_set_scl_high_period
                0x0000000008002088       0x14 ./libopencm3//lib/libopencm3_stm32f0.a(i2c_common_v2.o)
                0x0000000008002088                i2c_set_scl_high_period
 .text.i2c_set_scl_low_period
                0x000000000800209c        0xc ./libopencm3//lib/libopencm3_stm32f0.a(i2c_common_v2.o)
                0x000000000800209c                i2c_set_scl_low_period
 .text.i2c_set_7bit_address
                0x00000000080020a8       0x12 ./libopencm3//lib/libopencm3_stm32f0.a(i2c_common_v2.o)
                0x00000000080020a8                i2c_set_7bit_address
 *fill*         0x00000000080020ba        0x2 
 .text.i2c_set_write_transfer_dir
                0x00000000080020bc       0x10 ./libopencm3//lib/libopencm3_stm32f0.a(i2c_common_v2.o)
                0x00000000080020bc                i2c_set_write_transfer_dir
 .text.i2c_set_read_transfer_dir
                0x00000000080020cc        0xc ./libopencm3//lib/libopencm3_stm32f0.a(i2c_common_v2.o)
                0x00000000080020cc                i2c_set_read_transfer_dir
 .text.i2c_set_bytes_to_transfer
                0x00000000080020d8       0x14 ./libopencm3//lib/libopencm3_stm32f0.a(i2c_common_v2.o)
                0x00000000080020d8                i2c_set_bytes_to_transfer
 .text.i2c_enable_autoend
                0x00000000080020ec        0xc ./libopencm3//lib/libopencm3_stm32f0.a(i2c_common_v2.o)
                0x00000000080020ec                i2c_enable_autoend
 .text.i2c_disable_autoend
                0x00000000080020f8       0x10 ./libopencm3//lib/libopencm3_stm32f0.a(i2c_common_v2.o)
                0x00000000080020f8                i2c_disable_autoend
 .text.i2c_nack
                0x0000000008002108        0x8 ./libopencm3//lib/libopencm3_stm32f0.a(i2c_common_v2.o)
                0x0000000008002108                i2c_nack
 .text.i2c_transmit_int_status
                0x0000000008002110        0x8 ./libopencm3//lib/libopencm3_stm32f0.a(i2c_common_v2.o)
                0x0000000008002110                i2c_transmit_int_status
 .text.i2c_transfer_complete
                0x0000000008002118        0x8 ./libopencm3//lib/libopencm3_stm32f0.a(i2c_common_v2.o)
                0x0000000008002118                i2c_transfer_complete
 .text.i2c_received_data
                0x0000000008002120        0x8 ./libopencm3//lib/libopencm3_stm32f0.a(i2c_common_v2.o)
                0x0000000008002120                i2c_received_data
 .text.i2c_transfer7
                0x0000000008002128       0xb2 ./libopencm3//lib/libopencm3_stm32f0.a(i2c_common_v2.o)
                0x0000000008002128                i2c_transfer7
 .text.i2c_set_speed
                0x00000000080021da       0x5e ./libopencm3//lib/libopencm3_stm32f0.a(i2c_common_v2.o)
                0x00000000080021da                i2c_set_speed
 .text.rcc_is_osc_ready
                0x0000000008002238       0x54 ./libopencm3//lib/libopencm3_stm32f0.a(rcc.o)
                0x0000000008002238                rcc_is_osc_ready
 .text.rcc_wait_for_osc_ready
                0x000000000800228c       0x10 ./libopencm3//lib/libopencm3_stm32f0.a(rcc.o)
                0x000000000800228c                rcc_wait_for_osc_ready
 .text.rcc_osc_on
                0x000000000800229c       0x54 ./libopencm3//lib/libopencm3_stm32f0.a(rcc.o)
                0x000000000800229c                rcc_osc_on
 .text.rcc_set_sysclk_source
                0x00000000080022f0       0x4c ./libopencm3//lib/libopencm3_stm32f0.a(rcc.o)
                0x00000000080022f0                rcc_set_sysclk_source
 .text.rcc_set_pll_multiplication_factor
                0x000000000800233c       0x18 ./libopencm3//lib/libopencm3_stm32f0.a(rcc.o)
                0x000000000800233c                rcc_set_pll_multiplication_factor
 .text.rcc_set_pll_source
                0x0000000008002354       0x18 ./libopencm3//lib/libopencm3_stm32f0.a(rcc.o)
                0x0000000008002354                rcc_set_pll_source
 .text.rcc_set_pllxtpre
                0x000000000800236c       0x18 ./libopencm3//lib/libopencm3_stm32f0.a(rcc.o)
                0x000000000800236c                rcc_set_pllxtpre
 .text.rcc_set_ppre
                0x0000000008002384       0x18 ./libopencm3//lib/libopencm3_stm32f0.a(rcc.o)
                0x0000000008002384                rcc_set_ppre
 .text.rcc_set_hpre
                0x000000000800239c       0x14 ./libopencm3//lib/libopencm3_stm32f0.a(rcc.o)
                0x000000000800239c                rcc_set_hpre
 .text.rcc_set_i2c_clock_sysclk
                0x00000000080023b0       0x1c ./libopencm3//lib/libopencm3_stm32f0.a(rcc.o)
                0x00000000080023b0                rcc_set_i2c_clock_sysclk
 .text.rcc_clock_setup_in_hse_8mhz_out_48mhz
                0x00000000080023cc       0x74 ./libopencm3//lib/libopencm3_stm32f0.a(rcc.o)
                0x00000000080023cc                rcc_clock_setup_in_hse_8mhz_out_48mhz
 .text.rcc_periph_clock_enable
                0x0000000008002440       0x1c ./libopencm3//lib/libopencm3_stm32f0.a(rcc_common_all.o)
                0x0000000008002440                rcc_periph_clock_enable
 .text.timer_enable_irq
                0x000000000800245c        0x8 ./libopencm3//lib/libopencm3_stm32f0.a(timer_common_all.o)
                0x000000000800245c                timer_enable_irq
 .text.timer_clear_flag
                0x0000000008002464        0x6 ./libopencm3//lib/libopencm3_stm32f0.a(timer_common_all.o)
                0x0000000008002464                timer_clear_flag
 *fill*         0x000000000800246a        0x2 
 .text.timer_set_mode
                0x000000000800246c       0x18 ./libopencm3//lib/libopencm3_stm32f0.a(timer_common_all.o)
                0x000000000800246c                timer_set_mode
 .text.timer_one_shot_mode
                0x0000000008002484        0xa ./libopencm3//lib/libopencm3_stm32f0.a(timer_common_all.o)
                0x0000000008002484                timer_one_shot_mode
 .text.timer_enable_counter
                0x000000000800248e        0xa ./libopencm3//lib/libopencm3_stm32f0.a(timer_common_all.o)
                0x000000000800248e                timer_enable_counter
 .text.timer_set_master_mode
                0x0000000008002498       0x10 ./libopencm3//lib/libopencm3_stm32f0.a(timer_common_all.o)
                0x0000000008002498                timer_set_master_mode
 .text.timer_set_prescaler
                0x00000000080024a8        0x4 ./libopencm3//lib/libopencm3_stm32f0.a(timer_common_all.o)
                0x00000000080024a8                timer_set_prescaler
 .text.timer_set_period
                0x00000000080024ac        0x4 ./libopencm3//lib/libopencm3_stm32f0.a(timer_common_all.o)
                0x00000000080024ac                timer_set_period
 .text.timer_set_oc_value
                0x00000000080024b0       0x26 ./libopencm3//lib/libopencm3_stm32f0.a(timer_common_all.o)
                0x00000000080024b0                timer_set_oc_value
 *fill*         0x00000000080024d6        0x2 
 .text.usart_set_baudrate
                0x00000000080024d8       0x18 ./libopencm3//lib/libopencm3_stm32f0.a(usart_common_all.o)
                0x00000000080024d8                usart_set_baudrate
 .text.usart_set_databits
                0x00000000080024f0       0x1c ./libopencm3//lib/libopencm3_stm32f0.a(usart_common_all.o)
                0x00000000080024f0                usart_set_databits
 .text.usart_set_stopbits
                0x000000000800250c       0x10 ./libopencm3//lib/libopencm3_stm32f0.a(usart_common_all.o)
                0x000000000800250c                usart_set_stopbits
 .text.usart_set_parity
                0x000000000800251c       0x10 ./libopencm3//lib/libopencm3_stm32f0.a(usart_common_all.o)
                0x000000000800251c                usart_set_parity
 .text.usart_set_mode
                0x000000000800252c        0xc ./libopencm3//lib/libopencm3_stm32f0.a(usart_common_all.o)
                0x000000000800252c                usart_set_mode
 .text.usart_set_flow_control
                0x0000000008002538       0x10 ./libopencm3//lib/libopencm3_stm32f0.a(usart_common_all.o)
                0x0000000008002538                usart_set_flow_control
 .text.usart_enable
                0x0000000008002548        0xa ./libopencm3//lib/libopencm3_stm32f0.a(usart_common_all.o)
                0x0000000008002548                usart_enable
 .text.usart_send_blocking
                0x0000000008002552       0x14 ./libopencm3//lib/libopencm3_stm32f0.a(usart_common_all.o)
                0x0000000008002552                usart_send_blocking
 .text.usart_send
                0x0000000008002566        0x8 ./libopencm3//lib/libopencm3_stm32f0.a(usart_common_v2.o)
                0x0000000008002566                usart_send
 .text.usart_wait_send_ready
                0x000000000800256e        0xa ./libopencm3//lib/libopencm3_stm32f0.a(usart_common_v2.o)
                0x000000000800256e                usart_wait_send_ready
 .text.blocking_handler
                0x0000000008002578        0x2 ./libopencm3//lib/libopencm3_stm32f0.a(vector.o)
                0x0000000008002578                dma1_channel2_3_dma2_channel1_2_isr
                0x0000000008002578                rtc_isr
                0x0000000008002578                tim7_isr
                0x0000000008002578                dma1_channel4_7_dma2_channel3_5_isr
                0x0000000008002578                blocking_handler
                0x0000000008002578                tsc_isr
                0x0000000008002578                spi1_isr
                0x0000000008002578                i2c1_isr
                0x0000000008002578                tim17_isr
                0x0000000008002578                i2c2_isr
                0x0000000008002578                usart1_isr
                0x0000000008002578                usart3_4_isr
                0x0000000008002578                tim1_cc_isr
                0x0000000008002578                exti2_3_isr
                0x0000000008002578                tim16_isr
                0x0000000008002578                pvd_isr
                0x0000000008002578                rcc_isr
                0x0000000008002578                flash_isr
                0x0000000008002578                hard_fault_handler
                0x0000000008002578                tim14_isr
                0x0000000008002578                spi2_isr
                0x0000000008002578                usb_isr
                0x0000000008002578                tim15_isr
                0x0000000008002578                usart2_isr
                0x0000000008002578                adc_comp_isr
                0x0000000008002578                tim6_dac_isr
                0x0000000008002578                tim1_brk_up_trg_com_isr
                0x0000000008002578                cec_can_isr
                0x0000000008002578                wwdg_isr
                0x0000000008002578                tim2_isr
                0x0000000008002578                exti0_1_isr
 .text.null_handler
                0x000000000800257a        0x2 ./libopencm3//lib/libopencm3_stm32f0.a(vector.o)
                0x000000000800257a                null_handler
                0x000000000800257a                sv_call_handler
                0x000000000800257a                pend_sv_handler
                0x000000000800257a                nmi_handler
 .text.reset_handler
                0x000000000800257c       0x88 ./libopencm3//lib/libopencm3_stm32f0.a(vector.o)
                0x000000000800257c                reset_handler
 .text.systick_set_clocksource
                0x0000000008002604       0x14 ./libopencm3//lib/libopencm3_stm32f0.a(systick.o)
                0x0000000008002604                systick_set_clocksource
 .text.systick_set_frequency
                0x0000000008002618       0x28 ./libopencm3//lib/libopencm3_stm32f0.a(systick.o)
                0x0000000008002618                systick_set_frequency
 .text.systick_interrupt_enable
                0x0000000008002640       0x10 ./libopencm3//lib/libopencm3_stm32f0.a(systick.o)
                0x0000000008002640                systick_interrupt_enable
 .text.systick_counter_enable
                0x0000000008002650       0x10 ./libopencm3//lib/libopencm3_stm32f0.a(systick.o)
                0x0000000008002650                systick_counter_enable
 .text.nvic_enable_irq
                0x0000000008002660       0x18 ./libopencm3//lib/libopencm3_stm32f0.a(nvic.o)
                0x0000000008002660                nvic_enable_irq
 .text.cm3_assert_failed
                0x0000000008002678        0x2 ./libopencm3//lib/libopencm3_stm32f0.a(assert.o)
                0x0000000008002678                cm3_assert_failed
 *fill*         0x000000000800267a        0x2 
 .text.flash_prefetch_enable
                0x000000000800267c       0x10 ./libopencm3//lib/libopencm3_stm32f0.a(flash_common_all.o)
                0x000000000800267c                flash_prefetch_enable
 .text.flash_set_ws
                0x000000000800268c       0x14 ./libopencm3//lib/libopencm3_stm32f0.a(flash_common_all.o)
                0x000000000800268c                flash_set_ws
 .text.__itoa   0x00000000080026a0       0x30 /usr/lib/gcc/arm-none-eabi/10.2.0/../../../../arm-none-eabi/lib/thumb/v6-m/nofp/libc.a(lib_a-itoa.o)
                0x00000000080026a0                __itoa
 .text.itoa     0x00000000080026d0        0x8 /usr/lib/gcc/arm-none-eabi/10.2.0/../../../../arm-none-eabi/lib/thumb/v6-m/nofp/libc.a(lib_a-itoa.o)
                0x00000000080026d0                itoa
 .text.memcpy   0x00000000080026d8       0xa4 /usr/lib/gcc/arm-none-eabi/10.2.0/../../../../arm-none-eabi/lib/thumb/v6-m/nofp/libc.a(lib_a-memcpy-stub.o)
                0x00000000080026d8                memcpy
 .text.strlen   0x000000000800277c       0x5c /usr/lib/gcc/arm-none-eabi/10.2.0/../../../../arm-none-eabi/lib/thumb/v6-m/nofp/libc.a(lib_a-strlen-stub.o)
                0x000000000800277c                strlen
 .text.__utoa   0x00000000080027d8       0x80 /usr/lib/gcc/arm-none-eabi/10.2.0/../../../../arm-none-eabi/lib/thumb/v6-m/nofp/libc.a(lib_a-utoa.o)
                0x00000000080027d8                __utoa
 .text          0x0000000008002858       0x14 /usr/lib/gcc/arm-none-eabi/10.2.0/thumb/v6-m/nofp/libgcc.a(_thumb1_case_sqi.o)
                0x0000000008002858                __gnu_thumb1_case_sqi
 .text          0x000000000800286c       0x14 /usr/lib/gcc/arm-none-eabi/10.2.0/thumb/v6-m/nofp/libgcc.a(_thumb1_case_uqi.o)
                0x000000000800286c                __gnu_thumb1_case_uqi
 .text          0x0000000008002880       0x8c /usr/lib/gcc/arm-none-eabi/10.2.0/thumb/v6-m/nofp/libgcc.a(_udivsi3.o)
                0x0000000008002880                __udivsi3
                0x0000000008002880                __aeabi_uidiv
                0x00000000080028f8                __aeabi_uidivmod
 .text          0x000000000800290c       0xa8 /usr/lib/gcc/arm-none-eabi/10.2.0/thumb/v6-m/nofp/libgcc.a(_divsi3.o)
                0x000000000800290c                __aeabi_idiv
                0x000000000800290c                __divsi3
                0x00000000080029a0                __aeabi_idivmod
 .text          0x00000000080029b4        0x4 /usr/lib/gcc/arm-none-eabi/10.2.0/thumb/v6-m/nofp/libgcc.a(_dvmd_tls.o)
                0x00000000080029b4                __aeabi_ldiv0
                0x00000000080029b4                __aeabi_idiv0
 .text          0x00000000080029b8       0x40 /usr/lib/gcc/arm-none-eabi/10.2.0/thumb/v6-m/nofp/libgcc.a(_aeabi_uldivmod.o)
                0x00000000080029b8                __aeabi_uldivmod
 .text.__muldi3
                0x00000000080029f8       0x48 /usr/lib/gcc/arm-none-eabi/10.2.0/thumb/v6-m/nofp/libgcc.a(_muldi3.o)
                0x00000000080029f8                __aeabi_lmul
                0x00000000080029f8                __muldi3
 .text.__udivmoddi4
                0x0000000008002a40       0xde /usr/lib/gcc/arm-none-eabi/10.2.0/thumb/v6-m/nofp/libgcc.a(_udivmoddi4.o)
                0x0000000008002a40                __udivmoddi4
 *fill*         0x0000000008002b1e        0x2 
 .text          0x0000000008002b20       0x18 /usr/lib/gcc/arm-none-eabi/10.2.0/thumb/v6-m/nofp/libgcc.a(_lshrdi3.o)
                0x0000000008002b20                __aeabi_llsr
                0x0000000008002b20                __lshrdi3
 .text          0x0000000008002b38       0x18 /usr/lib/gcc/arm-none-eabi/10.2.0/thumb/v6-m/nofp/libgcc.a(_ashldi3.o)
                0x0000000008002b38                __ashldi3
                0x0000000008002b38                __aeabi_llsl
 .text          0x0000000008002b50       0x3c /usr/lib/gcc/arm-none-eabi/10.2.0/thumb/v6-m/nofp/libgcc.a(_clzsi2.o)
                0x0000000008002b50                __clzsi2
 .text          0x0000000008002b8c       0x18 /usr/lib/gcc/arm-none-eabi/10.2.0/thumb/v6-m/nofp/libgcc.a(_clzdi2.o)
                0x0000000008002b8c                __clzdi2
                0x0000000008002ba4                . = ALIGN (0x4)
 *(.rodata*)
 .rodata.load_config.str1.1
                0x0000000008002ba4       0x35 build/main.o
 .rodata.update_config.str1.1
                0x0000000008002bd9       0x75 build/main.o
 .rodata.load_default_config.str1.1
                0x0000000008002c4e       0x16 build/main.o
 .rodata.show_menu.part.0.str1.1
                0x0000000008002c64       0x36 build/main.o
 .rodata.show_config_menu.part.0.str1.1
                0x0000000008002c9a        0x8 build/main.o
 .rodata.main.str1.1
                0x0000000008002ca2       0xfc build/main.o
                                         0xfe (size before relaxing)
 .rodata.str1.1
                0x0000000008002d9e      0x204 build/main.o
                                        0x209 (size before relaxing)
 .rodata.default_config
                0x0000000008002fa2       0x18 build/main.o
                0x0000000008002fa2                default_config
 *fill*         0x0000000008002fba        0x2 
 .rodata.entries.0
                0x0000000008002fbc       0x28 build/main.o
 .rodata.entries.1
                0x0000000008002fe4       0x50 build/main.o
 .rodata.entries.2
                0x0000000008003034       0x50 build/main.o
 .rodata.entries.3
                0x0000000008003084       0x28 build/main.o
 .rodata.Font11x18_Data
                0x00000000080030ac      0x543 build/font_compressed.o
 .rodata.Font11x18_OfsTbl
                0x00000000080035ef       0x83 build/font_compressed.o
 .rodata.Font16x26_NUMC_Data
                0x0000000008003672      0x1b3 build/font_compressed.o
 .rodata.Font16x26_NUMC_OfsTbl
                0x0000000008003825        0xd build/font_compressed.o
 .rodata.Font7x10_Data
                0x0000000008003832      0x235 build/font_compressed.o
 .rodata.Font7x10_OfsTbl
                0x0000000008003a67       0x77 build/font_compressed.o
 .rodata.InitSequence.0
                0x0000000008003ade       0x18 build/ssd1306.o
 *fill*         0x0000000008003af6        0x2 
 .rodata.__utoa.str1.4
                0x0000000008003af8       0x25 /usr/lib/gcc/arm-none-eabi/10.2.0/../../../../arm-none-eabi/lib/thumb/v6-m/nofp/libc.a(lib_a-utoa.o)
                0x0000000008003b20                . = ALIGN (0x4)
 *fill*         0x0000000008003b1d        0x3 

.glue_7         0x0000000008003b20        0x0
 .glue_7        0x0000000008003b20        0x0 linker stubs

.glue_7t        0x0000000008003b20        0x0
 .glue_7t       0x0000000008003b20        0x0 linker stubs

.vfp11_veneer   0x0000000008003b20        0x0
 .vfp11_veneer  0x0000000008003b20        0x0 linker stubs

.v4_bx          0x0000000008003b20        0x0
 .v4_bx         0x0000000008003b20        0x0 linker stubs

.iplt           0x0000000008003b20        0x0
 .iplt          0x0000000008003b20        0x0 build/main.o

.preinit_array  0x0000000008003b20        0x0
                0x0000000008003b20                . = ALIGN (0x4)
                0x0000000008003b20                __preinit_array_start = .
 *(.preinit_array)
                0x0000000008003b20                __preinit_array_end = .

.init_array     0x0000000008003b20        0x0
                0x0000000008003b20                . = ALIGN (0x4)
                0x0000000008003b20                __init_array_start = .
 *(SORT_BY_NAME(.init_array.*))
 *(.init_array)
                0x0000000008003b20                __init_array_end = .

.fini_array     0x0000000008003b20        0x0
                0x0000000008003b20                . = ALIGN (0x4)
                0x0000000008003b20                __fini_array_start = .
 *(.fini_array)
 *(SORT_BY_NAME(.fini_array.*))
                0x0000000008003b20                __fini_array_end = .

.ARM.extab
 *(.ARM.extab*)

.ARM.exidx      0x0000000008003b20        0x8
                0x0000000008003b20                __exidx_start = .
 *(.ARM.exidx*)
 .ARM.exidx.text.__udivmoddi4
                0x0000000008003b20        0x8 /usr/lib/gcc/arm-none-eabi/10.2.0/thumb/v6-m/nofp/libgcc.a(_udivmoddi4.o)
                0x0000000008003b28                __exidx_end = .

.rel.dyn        0x0000000008003b28        0x0
 .rel.iplt      0x0000000008003b28        0x0 build/main.o
                0x0000000008003b28                . = ALIGN (0x4)
                0x0000000008003b28                _etext = .

.data           0x0000000020000000       0x58 load address 0x0000000008003b28
                0x0000000020000000                _data = .
 *(.data*)
 .data.MAIN_MENU_TEXT
                0x0000000020000000       0x1c build/main.o
 .data.temp_current
                0x000000002000001c        0x2 build/main.o
                0x000000002000001c                temp_current
 *fill*         0x000000002000001e        0x2 
 .data.CompFont_11x18
                0x0000000020000020       0x10 build/font_compressed.o
                0x0000000020000020                CompFont_11x18
 .data.CompFont_16x26_NUMC
                0x0000000020000030       0x10 build/font_compressed.o
                0x0000000020000030                CompFont_16x26_NUMC
 .data.CompFont_7x10
                0x0000000020000040       0x10 build/font_compressed.o
                0x0000000020000040                CompFont_7x10
 .data.rcc_ahb_frequency
                0x0000000020000050        0x4 ./libopencm3//lib/libopencm3_stm32f0.a(rcc.o)
                0x0000000020000050                rcc_ahb_frequency
 .data.rcc_apb1_frequency
                0x0000000020000054        0x4 ./libopencm3//lib/libopencm3_stm32f0.a(rcc.o)
                0x0000000020000054                rcc_apb1_frequency
                0x0000000020000058                . = ALIGN (0x4)
                0x0000000020000058                _edata = .
                0x0000000008003b28                _data_loadaddr = LOADADDR (.data)

.igot.plt       0x0000000020000058        0x0 load address 0x0000000008003b80
 .igot.plt      0x0000000020000058        0x0 build/main.o

.bss            0x0000000020000058      0x270 load address 0x0000000008003b80
 *(.bss*)
 .bss.adc_values
                0x0000000020000058        0x6 build/main.o
                0x0000000020000058                adc_values
 .bss.config    0x000000002000005e       0x18 build/main.o
                0x000000002000005e                config
 *fill*         0x0000000020000076        0x2 
 .bss.current_duty_lt_avg100
                0x0000000020000078        0x4 build/main.o
                0x0000000020000078                current_duty_lt_avg100
 .bss.current_duty_smoothed
                0x000000002000007c        0x4 build/main.o
                0x000000002000007c                current_duty_smoothed
 .bss.encoder   0x0000000020000080        0xc build/main.o
                0x0000000020000080                encoder
 .bss.encoder_sw
                0x000000002000008c        0x8 build/main.o
                0x000000002000008c                encoder_sw
 .bss.heater_max_period
                0x0000000020000094        0x2 build/main.o
                0x0000000020000094                heater_max_period
 *fill*         0x0000000020000096        0x2 
 .bss.idle_sw   0x0000000020000098        0x8 build/main.o
                0x0000000020000098                idle_sw
 .bss.kill_heater
                0x00000000200000a0        0x1 build/main.o
                0x00000000200000a0                kill_heater
 .bss.menu_timeout
                0x00000000200000a1        0x1 build/main.o
                0x00000000200000a1                menu_timeout
 *fill*         0x00000000200000a2        0x2 
 .bss.stby_state
                0x00000000200000a4        0xc build/main.o
                0x00000000200000a4                stby_state
 .bss.temp_set  0x00000000200000b0        0x2 build/main.o
                0x00000000200000b0                temp_set
 *fill*         0x00000000200000b2        0x2 
 .bss.tickcounter
                0x00000000200000b4        0x4 build/main.o
                0x00000000200000b4                tickcounter
 .bss.stdout_putf
                0x00000000200000b8        0x4 build/tinyprintf.o
 .bss.stdout_putp
                0x00000000200000bc        0x4 build/tinyprintf.o
 .bss.SSD1306   0x00000000200000c0        0x8 build/ssd1306.o
 .bss.SSD1306_Buffer
                0x00000000200000c8      0x200 build/ssd1306.o
 *(COMMON)
                0x00000000200002c8                . = ALIGN (0x4)
                0x00000000200002c8                _ebss = .

/DISCARD/
 *(.eh_frame)
                0x00000000200002c8                . = ALIGN (0x4)
                0x00000000200002c8                end = .
                0x0000000020001000                PROVIDE (_stack = (ORIGIN (ram) + LENGTH (ram)))
OUTPUT(build.elf elf32-littlearm)
LOAD linker stubs

.debug_info     0x0000000000000000     0xae30
 .debug_info    0x0000000000000000     0x2b1f build/main.o
 .debug_info    0x0000000000002b1f      0x2dc build/eeprom_i2c.o
 .debug_info    0x0000000000002dfb      0x238 build/font_compressed.o
 .debug_info    0x0000000000003033      0xbe6 build/tinyprintf.o
 .debug_info    0x0000000000003c19     0x1561 build/ssd1306.o
 .debug_info    0x000000000000517a      0x5c1 ./libopencm3//lib/libopencm3_stm32f0.a(adc.o)
 .debug_info    0x000000000000573b      0x6fa ./libopencm3//lib/libopencm3_stm32f0.a(adc_common_v2.o)
 .debug_info    0x0000000000005e35      0x7ee ./libopencm3//lib/libopencm3_stm32f0.a(dma_common_l1f013.o)
 .debug_info    0x0000000000006623      0x103 ./libopencm3//lib/libopencm3_stm32f0.a(dma_common_csel.o)
 .debug_info    0x0000000000006726      0x241 ./libopencm3//lib/libopencm3_stm32f0.a(exti_common_all.o)
 .debug_info    0x0000000000006967      0x266 ./libopencm3//lib/libopencm3_stm32f0.a(gpio_common_all.o)
 .debug_info    0x0000000000006bcd      0x257 ./libopencm3//lib/libopencm3_stm32f0.a(gpio_common_f0234.o)
 .debug_info    0x0000000000006e24      0x17c ./libopencm3//lib/libopencm3_stm32f0.a(iwdg_common_all.o)
 .debug_info    0x0000000000006fa0      0xd56 ./libopencm3//lib/libopencm3_stm32f0.a(i2c_common_v2.o)
 .debug_info    0x0000000000007cf6      0x7f6 ./libopencm3//lib/libopencm3_stm32f0.a(rcc.o)
 .debug_info    0x00000000000084ec      0x54f ./libopencm3//lib/libopencm3_stm32f0.a(rcc_common_all.o)
 .debug_info    0x0000000000008a3b     0x11c5 ./libopencm3//lib/libopencm3_stm32f0.a(timer_common_all.o)
 .debug_info    0x0000000000009c00      0x51d ./libopencm3//lib/libopencm3_stm32f0.a(usart_common_all.o)
 .debug_info    0x000000000000a11d      0x3a2 ./libopencm3//lib/libopencm3_stm32f0.a(usart_common_v2.o)
 .debug_info    0x000000000000a4bf      0x2dc ./libopencm3//lib/libopencm3_stm32f0.a(vector.o)
 .debug_info    0x000000000000a79b      0x252 ./libopencm3//lib/libopencm3_stm32f0.a(systick.o)
 .debug_info    0x000000000000a9ed      0x249 ./libopencm3//lib/libopencm3_stm32f0.a(nvic.o)
 .debug_info    0x000000000000ac36      0x104 ./libopencm3//lib/libopencm3_stm32f0.a(assert.o)
 .debug_info    0x000000000000ad3a       0xf6 ./libopencm3//lib/libopencm3_stm32f0.a(flash_common_all.o)

.debug_abbrev   0x0000000000000000     0x26f8
 .debug_abbrev  0x0000000000000000      0x498 build/main.o
 .debug_abbrev  0x0000000000000498      0x12c build/eeprom_i2c.o
 .debug_abbrev  0x00000000000005c4       0xbb build/font_compressed.o
 .debug_abbrev  0x000000000000067f      0x401 build/tinyprintf.o
 .debug_abbrev  0x0000000000000a80      0x3fb build/ssd1306.o
 .debug_abbrev  0x0000000000000e7b      0x1cb ./libopencm3//lib/libopencm3_stm32f0.a(adc.o)
 .debug_abbrev  0x0000000000001046      0x202 ./libopencm3//lib/libopencm3_stm32f0.a(adc_common_v2.o)
 .debug_abbrev  0x0000000000001248      0x161 ./libopencm3//lib/libopencm3_stm32f0.a(dma_common_l1f013.o)
 .debug_abbrev  0x00000000000013a9       0x92 ./libopencm3//lib/libopencm3_stm32f0.a(dma_common_csel.o)
 .debug_abbrev  0x000000000000143b      0x102 ./libopencm3//lib/libopencm3_stm32f0.a(exti_common_all.o)
 .debug_abbrev  0x000000000000153d      0x116 ./libopencm3//lib/libopencm3_stm32f0.a(gpio_common_all.o)
 .debug_abbrev  0x0000000000001653       0xbf ./libopencm3//lib/libopencm3_stm32f0.a(gpio_common_f0234.o)
 .debug_abbrev  0x0000000000001712      0x112 ./libopencm3//lib/libopencm3_stm32f0.a(iwdg_common_all.o)
 .debug_abbrev  0x0000000000001824      0x254 ./libopencm3//lib/libopencm3_stm32f0.a(i2c_common_v2.o)
 .debug_abbrev  0x0000000000001a78      0x27b ./libopencm3//lib/libopencm3_stm32f0.a(rcc.o)
 .debug_abbrev  0x0000000000001cf3      0x139 ./libopencm3//lib/libopencm3_stm32f0.a(rcc_common_all.o)
 .debug_abbrev  0x0000000000001e2c      0x19e ./libopencm3//lib/libopencm3_stm32f0.a(timer_common_all.o)
 .debug_abbrev  0x0000000000001fca      0x13e ./libopencm3//lib/libopencm3_stm32f0.a(usart_common_all.o)
 .debug_abbrev  0x0000000000002108      0x128 ./libopencm3//lib/libopencm3_stm32f0.a(usart_common_v2.o)
 .debug_abbrev  0x0000000000002230      0x145 ./libopencm3//lib/libopencm3_stm32f0.a(vector.o)
 .debug_abbrev  0x0000000000002375      0x176 ./libopencm3//lib/libopencm3_stm32f0.a(systick.o)
 .debug_abbrev  0x00000000000024eb       0xde ./libopencm3//lib/libopencm3_stm32f0.a(nvic.o)
 .debug_abbrev  0x00000000000025c9       0x98 ./libopencm3//lib/libopencm3_stm32f0.a(assert.o)
 .debug_abbrev  0x0000000000002661       0x97 ./libopencm3//lib/libopencm3_stm32f0.a(flash_common_all.o)

.debug_loc      0x0000000000000000     0x60a1
 .debug_loc     0x0000000000000000      0xabd build/main.o
 .debug_loc     0x0000000000000abd      0x23d build/eeprom_i2c.o
 .debug_loc     0x0000000000000cfa      0xdd7 build/tinyprintf.o
 .debug_loc     0x0000000000001ad1     0x1144 build/ssd1306.o
 .debug_loc     0x0000000000002c15      0x2e4 ./libopencm3//lib/libopencm3_stm32f0.a(adc.o)
 .debug_loc     0x0000000000002ef9      0x236 ./libopencm3//lib/libopencm3_stm32f0.a(adc_common_v2.o)
 .debug_loc     0x000000000000312f      0x91a ./libopencm3//lib/libopencm3_stm32f0.a(dma_common_l1f013.o)
 .debug_loc     0x0000000000003a49       0x99 ./libopencm3//lib/libopencm3_stm32f0.a(dma_common_csel.o)
 .debug_loc     0x0000000000003ae2      0x17d ./libopencm3//lib/libopencm3_stm32f0.a(exti_common_all.o)
 .debug_loc     0x0000000000003c5f       0xbe ./libopencm3//lib/libopencm3_stm32f0.a(gpio_common_all.o)
 .debug_loc     0x0000000000003d1d      0x257 ./libopencm3//lib/libopencm3_stm32f0.a(gpio_common_f0234.o)
 .debug_loc     0x0000000000003f74       0xb9 ./libopencm3//lib/libopencm3_stm32f0.a(iwdg_common_all.o)
 .debug_loc     0x000000000000402d      0x633 ./libopencm3//lib/libopencm3_stm32f0.a(i2c_common_v2.o)
 .debug_loc     0x0000000000004660      0x232 ./libopencm3//lib/libopencm3_stm32f0.a(rcc.o)
 .debug_loc     0x0000000000004892       0x94 ./libopencm3//lib/libopencm3_stm32f0.a(rcc_common_all.o)
 .debug_loc     0x0000000000004926     0x10e0 ./libopencm3//lib/libopencm3_stm32f0.a(timer_common_all.o)
 .debug_loc     0x0000000000005a06      0x18b ./libopencm3//lib/libopencm3_stm32f0.a(usart_common_all.o)
 .debug_loc     0x0000000000005b91       0xb6 ./libopencm3//lib/libopencm3_stm32f0.a(usart_common_v2.o)
 .debug_loc     0x0000000000005c47      0x11b ./libopencm3//lib/libopencm3_stm32f0.a(vector.o)
 .debug_loc     0x0000000000005d62       0xdf ./libopencm3//lib/libopencm3_stm32f0.a(systick.o)
 .debug_loc     0x0000000000005e41      0x1b7 ./libopencm3//lib/libopencm3_stm32f0.a(nvic.o)
 .debug_loc     0x0000000000005ff8       0x94 ./libopencm3//lib/libopencm3_stm32f0.a(assert.o)
 .debug_loc     0x000000000000608c       0x15 ./libopencm3//lib/libopencm3_stm32f0.a(flash_common_all.o)

.debug_aranges  0x0000000000000000      0xe28
 .debug_aranges
                0x0000000000000000       0x90 build/main.o
 .debug_aranges
                0x0000000000000090       0x28 build/eeprom_i2c.o
 .debug_aranges
                0x00000000000000b8       0x18 build/font_compressed.o
 .debug_aranges
                0x00000000000000d0       0x78 build/tinyprintf.o
 .debug_aranges
                0x0000000000000148       0xd0 build/ssd1306.o
 .debug_aranges
                0x0000000000000218       0xe0 ./libopencm3//lib/libopencm3_stm32f0.a(adc.o)
 .debug_aranges
                0x00000000000002f8      0x128 ./libopencm3//lib/libopencm3_stm32f0.a(adc_common_v2.o)
 .debug_aranges
                0x0000000000000420       0xe8 ./libopencm3//lib/libopencm3_stm32f0.a(dma_common_l1f013.o)
 .debug_aranges
                0x0000000000000508       0x20 ./libopencm3//lib/libopencm3_stm32f0.a(dma_common_csel.o)
 .debug_aranges
                0x0000000000000528       0x48 ./libopencm3//lib/libopencm3_stm32f0.a(exti_common_all.o)
 .debug_aranges
                0x0000000000000570       0x50 ./libopencm3//lib/libopencm3_stm32f0.a(gpio_common_all.o)
 .debug_aranges
                0x00000000000005c0       0x30 ./libopencm3//lib/libopencm3_stm32f0.a(gpio_common_f0234.o)
 .debug_aranges
                0x00000000000005f0       0x40 ./libopencm3//lib/libopencm3_stm32f0.a(iwdg_common_all.o)
 .debug_aranges
                0x0000000000000630      0x170 ./libopencm3//lib/libopencm3_stm32f0.a(i2c_common_v2.o)
 .debug_aranges
                0x00000000000007a0      0x110 ./libopencm3//lib/libopencm3_stm32f0.a(rcc.o)
 .debug_aranges
                0x00000000000008b0       0x58 ./libopencm3//lib/libopencm3_stm32f0.a(rcc_common_all.o)
 .debug_aranges
                0x0000000000000908      0x268 ./libopencm3//lib/libopencm3_stm32f0.a(timer_common_all.o)
 .debug_aranges
                0x0000000000000b70       0xb8 ./libopencm3//lib/libopencm3_stm32f0.a(usart_common_all.o)
 .debug_aranges
                0x0000000000000c28       0xa8 ./libopencm3//lib/libopencm3_stm32f0.a(usart_common_v2.o)
 .debug_aranges
                0x0000000000000cd0       0x30 ./libopencm3//lib/libopencm3_stm32f0.a(vector.o)
 .debug_aranges
                0x0000000000000d00       0x78 ./libopencm3//lib/libopencm3_stm32f0.a(systick.o)
 .debug_aranges
                0x0000000000000d78       0x50 ./libopencm3//lib/libopencm3_stm32f0.a(nvic.o)
 .debug_aranges
                0x0000000000000dc8       0x28 ./libopencm3//lib/libopencm3_stm32f0.a(assert.o)
 .debug_aranges
                0x0000000000000df0       0x38 ./libopencm3//lib/libopencm3_stm32f0.a(flash_common_all.o)

.debug_ranges   0x0000000000000000     0x1070
 .debug_ranges  0x0000000000000000      0x258 build/main.o
 .debug_ranges  0x0000000000000258       0x18 build/eeprom_i2c.o
 .debug_ranges  0x0000000000000270       0xb8 build/tinyprintf.o
 .debug_ranges  0x0000000000000328      0x180 build/ssd1306.o
 .debug_ranges  0x00000000000004a8       0xd0 ./libopencm3//lib/libopencm3_stm32f0.a(adc.o)
 .debug_ranges  0x0000000000000578      0x130 ./libopencm3//lib/libopencm3_stm32f0.a(adc_common_v2.o)
 .debug_ranges  0x00000000000006a8       0xd8 ./libopencm3//lib/libopencm3_stm32f0.a(dma_common_l1f013.o)
 .debug_ranges  0x0000000000000780       0x10 ./libopencm3//lib/libopencm3_stm32f0.a(dma_common_csel.o)
 .debug_ranges  0x0000000000000790       0x60 ./libopencm3//lib/libopencm3_stm32f0.a(exti_common_all.o)
 .debug_ranges  0x00000000000007f0       0x40 ./libopencm3//lib/libopencm3_stm32f0.a(gpio_common_all.o)
 .debug_ranges  0x0000000000000830       0x20 ./libopencm3//lib/libopencm3_stm32f0.a(gpio_common_f0234.o)
 .debug_ranges  0x0000000000000850       0x48 ./libopencm3//lib/libopencm3_stm32f0.a(iwdg_common_all.o)
 .debug_ranges  0x0000000000000898      0x160 ./libopencm3//lib/libopencm3_stm32f0.a(i2c_common_v2.o)
 .debug_ranges  0x00000000000009f8      0x158 ./libopencm3//lib/libopencm3_stm32f0.a(rcc.o)
 .debug_ranges  0x0000000000000b50       0x48 ./libopencm3//lib/libopencm3_stm32f0.a(rcc_common_all.o)
 .debug_ranges  0x0000000000000b98      0x258 ./libopencm3//lib/libopencm3_stm32f0.a(timer_common_all.o)
 .debug_ranges  0x0000000000000df0       0xa8 ./libopencm3//lib/libopencm3_stm32f0.a(usart_common_all.o)
 .debug_ranges  0x0000000000000e98       0x98 ./libopencm3//lib/libopencm3_stm32f0.a(usart_common_v2.o)
 .debug_ranges  0x0000000000000f30       0x20 ./libopencm3//lib/libopencm3_stm32f0.a(vector.o)
 .debug_ranges  0x0000000000000f50       0x80 ./libopencm3//lib/libopencm3_stm32f0.a(systick.o)
 .debug_ranges  0x0000000000000fd0       0x60 ./libopencm3//lib/libopencm3_stm32f0.a(nvic.o)
 .debug_ranges  0x0000000000001030       0x18 ./libopencm3//lib/libopencm3_stm32f0.a(assert.o)
 .debug_ranges  0x0000000000001048       0x28 ./libopencm3//lib/libopencm3_stm32f0.a(flash_common_all.o)

.debug_macro    0x0000000000000000     0x7a83
 .debug_macro   0x0000000000000000      0x47a build/main.o
 .debug_macro   0x000000000000047a      0xa66 build/main.o
 .debug_macro   0x0000000000000ee0       0x1c build/main.o
 .debug_macro   0x0000000000000efc       0x22 build/main.o
 .debug_macro   0x0000000000000f1e       0x56 build/main.o
 .debug_macro   0x0000000000000f74       0x51 build/main.o
 .debug_macro   0x0000000000000fc5      0x103 build/main.o
 .debug_macro   0x00000000000010c8       0x6a build/main.o
 .debug_macro   0x0000000000001132      0x1df build/main.o
 .debug_macro   0x0000000000001311       0x22 build/main.o
 .debug_macro   0x0000000000001333       0xe8 build/main.o
 .debug_macro   0x000000000000141b       0x52 build/main.o
 .debug_macro   0x000000000000146d      0x178 build/main.o
 .debug_macro   0x00000000000015e5      0x78e build/main.o
 .debug_macro   0x0000000000001d73       0x76 build/main.o
 .debug_macro   0x0000000000001de9      0x37e build/main.o
 .debug_macro   0x0000000000002167       0xca build/main.o
 .debug_macro   0x0000000000002231       0x3a build/main.o
 .debug_macro   0x000000000000226b       0x94 build/main.o
 .debug_macro   0x00000000000022ff      0x514 build/main.o
 .debug_macro   0x0000000000002813       0x34 build/main.o
 .debug_macro   0x0000000000002847      0x174 build/main.o
 .debug_macro   0x00000000000029bb      0x360 build/main.o
 .debug_macro   0x0000000000002d1b      0x197 build/main.o
 .debug_macro   0x0000000000002eb2       0x3a build/main.o
 .debug_macro   0x0000000000002eec      0x130 build/main.o
 .debug_macro   0x000000000000301c      0x4f5 build/main.o
 .debug_macro   0x0000000000003511       0x22 build/main.o
 .debug_macro   0x0000000000003533      0xf70 build/main.o
 .debug_macro   0x00000000000044a3       0x52 build/main.o
 .debug_macro   0x00000000000044f5       0x70 build/main.o
 .debug_macro   0x0000000000004565       0x10 build/main.o
 .debug_macro   0x0000000000004575       0x6f build/main.o
 .debug_macro   0x00000000000045e4       0x49 build/main.o
 .debug_macro   0x000000000000462d       0xca build/main.o
 .debug_macro   0x00000000000046f7       0xee build/main.o
 .debug_macro   0x00000000000047e5       0x28 build/main.o
 .debug_macro   0x000000000000480d       0x64 build/main.o
 .debug_macro   0x0000000000004871       0x18 build/main.o
 .debug_macro   0x0000000000004889       0x35 build/main.o
 .debug_macro   0x00000000000048be       0x34 build/main.o
 .debug_macro   0x00000000000048f2      0x333 build/main.o
 .debug_macro   0x0000000000004c25       0x10 build/main.o
 .debug_macro   0x0000000000004c35       0x16 build/main.o
 .debug_macro   0x0000000000004c4b       0x43 build/main.o
 .debug_macro   0x0000000000004c8e       0x34 build/main.o
 .debug_macro   0x0000000000004cc2       0xb2 build/main.o
 .debug_macro   0x0000000000004d74       0x16 build/main.o
 .debug_macro   0x0000000000004d8a       0x35 build/main.o
 .debug_macro   0x0000000000004dbf       0x10 build/main.o
 .debug_macro   0x0000000000004dcf       0x58 build/main.o
 .debug_macro   0x0000000000004e27      0x182 build/main.o
 .debug_macro   0x0000000000004fa9       0x22 build/main.o
 .debug_macro   0x0000000000004fcb       0x16 build/main.o
 .debug_macro   0x0000000000004fe1       0x58 build/main.o
 .debug_macro   0x0000000000005039       0x2e build/main.o
 .debug_macro   0x0000000000005067       0x1c build/main.o
 .debug_macro   0x0000000000005083       0x40 build/main.o
 .debug_macro   0x00000000000050c3       0x16 build/main.o
 .debug_macro   0x00000000000050d9      0x171 build/eeprom_i2c.o
 .debug_macro   0x000000000000524a       0x10 build/eeprom_i2c.o
 .debug_macro   0x000000000000525a       0x67 build/font_compressed.o
 .debug_macro   0x00000000000052c1      0x118 build/tinyprintf.o
 .debug_macro   0x00000000000053d9       0x5e build/tinyprintf.o
 .debug_macro   0x0000000000005437       0x5c build/tinyprintf.o
 .debug_macro   0x0000000000005493       0x57 build/tinyprintf.o
 .debug_macro   0x00000000000054ea      0x204 build/ssd1306.o
 .debug_macro   0x00000000000056ee       0xde build/ssd1306.o
 .debug_macro   0x00000000000057cc       0xbe build/ssd1306.o
 .debug_macro   0x000000000000588a       0xd0 ./libopencm3//lib/libopencm3_stm32f0.a(adc.o)
 .debug_macro   0x000000000000595a      0xa42 ./libopencm3//lib/libopencm3_stm32f0.a(adc.o)
 .debug_macro   0x000000000000639c       0x56 ./libopencm3//lib/libopencm3_stm32f0.a(adc.o)
 .debug_macro   0x00000000000063f2       0x16 ./libopencm3//lib/libopencm3_stm32f0.a(adc.o)
 .debug_macro   0x0000000000006408       0xc1 ./libopencm3//lib/libopencm3_stm32f0.a(adc_common_v2.o)
 .debug_macro   0x00000000000064c9       0xbc ./libopencm3//lib/libopencm3_stm32f0.a(dma_common_l1f013.o)
 .debug_macro   0x0000000000006585       0xbc ./libopencm3//lib/libopencm3_stm32f0.a(dma_common_csel.o)
 .debug_macro   0x0000000000006641      0x10f ./libopencm3//lib/libopencm3_stm32f0.a(exti_common_all.o)
 .debug_macro   0x0000000000006750      0x118 ./libopencm3//lib/libopencm3_stm32f0.a(exti_common_all.o)
 .debug_macro   0x0000000000006868       0xd6 ./libopencm3//lib/libopencm3_stm32f0.a(gpio_common_all.o)
 .debug_macro   0x000000000000693e       0xd6 ./libopencm3//lib/libopencm3_stm32f0.a(gpio_common_f0234.o)
 .debug_macro   0x0000000000006a14       0xce ./libopencm3//lib/libopencm3_stm32f0.a(iwdg_common_all.o)
 .debug_macro   0x0000000000006ae2       0xda ./libopencm3//lib/libopencm3_stm32f0.a(i2c_common_v2.o)
 .debug_macro   0x0000000000006bbc      0x16d ./libopencm3//lib/libopencm3_stm32f0.a(i2c_common_v2.o)
 .debug_macro   0x0000000000006d29      0x10d ./libopencm3//lib/libopencm3_stm32f0.a(rcc.o)
 .debug_macro   0x0000000000006e36       0xee ./libopencm3//lib/libopencm3_stm32f0.a(rcc.o)
 .debug_macro   0x0000000000006f24       0xd0 ./libopencm3//lib/libopencm3_stm32f0.a(rcc.o)
 .debug_macro   0x0000000000006ff4       0xce ./libopencm3//lib/libopencm3_stm32f0.a(rcc_common_all.o)
 .debug_macro   0x00000000000070c2       0xda ./libopencm3//lib/libopencm3_stm32f0.a(timer_common_all.o)
 .debug_macro   0x000000000000719c       0xd9 ./libopencm3//lib/libopencm3_stm32f0.a(usart_common_all.o)
 .debug_macro   0x0000000000007275       0xc1 ./libopencm3//lib/libopencm3_stm32f0.a(usart_common_v2.o)
 .debug_macro   0x0000000000007336       0xcf ./libopencm3//lib/libopencm3_stm32f0.a(vector.o)
 .debug_macro   0x0000000000007405      0x19f ./libopencm3//lib/libopencm3_stm32f0.a(vector.o)
 .debug_macro   0x00000000000075a4       0x92 ./libopencm3//lib/libopencm3_stm32f0.a(systick.o)
 .debug_macro   0x0000000000007636       0x69 ./libopencm3//lib/libopencm3_stm32f0.a(systick.o)
 .debug_macro   0x000000000000769f       0xb3 ./libopencm3//lib/libopencm3_stm32f0.a(nvic.o)
 .debug_macro   0x0000000000007752       0x43 ./libopencm3//lib/libopencm3_stm32f0.a(nvic.o)
 .debug_macro   0x0000000000007795      0x1a5 ./libopencm3//lib/libopencm3_stm32f0.a(nvic.o)
 .debug_macro   0x000000000000793a       0x89 ./libopencm3//lib/libopencm3_stm32f0.a(assert.o)
 .debug_macro   0x00000000000079c3       0xc0 ./libopencm3//lib/libopencm3_stm32f0.a(flash_common_all.o)

.debug_line     0x0000000000000000     0x9d41
 .debug_line    0x0000000000000000     0x144e build/main.o
 .debug_line    0x000000000000144e      0x3fe build/eeprom_i2c.o
 .debug_line    0x000000000000184c      0x146 build/font_compressed.o
 .debug_line    0x0000000000001992      0x95a build/tinyprintf.o
 .debug_line    0x00000000000022ec      0xea8 build/ssd1306.o
 .debug_line    0x0000000000003194      0x6f8 ./libopencm3//lib/libopencm3_stm32f0.a(adc.o)
 .debug_line    0x000000000000388c      0x795 ./libopencm3//lib/libopencm3_stm32f0.a(adc_common_v2.o)
 .debug_line    0x0000000000004021      0x655 ./libopencm3//lib/libopencm3_stm32f0.a(dma_common_l1f013.o)
 .debug_line    0x0000000000004676      0x283 ./libopencm3//lib/libopencm3_stm32f0.a(dma_common_csel.o)
 .debug_line    0x00000000000048f9      0x465 ./libopencm3//lib/libopencm3_stm32f0.a(exti_common_all.o)
 .debug_line    0x0000000000004d5e      0x37c ./libopencm3//lib/libopencm3_stm32f0.a(gpio_common_all.o)
 .debug_line    0x00000000000050da      0x472 ./libopencm3//lib/libopencm3_stm32f0.a(gpio_common_f0234.o)
 .debug_line    0x000000000000554c      0x3bc ./libopencm3//lib/libopencm3_stm32f0.a(iwdg_common_all.o)
 .debug_line    0x0000000000005908      0x9d7 ./libopencm3//lib/libopencm3_stm32f0.a(i2c_common_v2.o)
 .debug_line    0x00000000000062df      0xa7c ./libopencm3//lib/libopencm3_stm32f0.a(rcc.o)
 .debug_line    0x0000000000006d5b      0x38f ./libopencm3//lib/libopencm3_stm32f0.a(rcc_common_all.o)
 .debug_line    0x00000000000070ea     0x12f2 ./libopencm3//lib/libopencm3_stm32f0.a(timer_common_all.o)
 .debug_line    0x00000000000083dc      0x590 ./libopencm3//lib/libopencm3_stm32f0.a(usart_common_all.o)
 .debug_line    0x000000000000896c      0x4ea ./libopencm3//lib/libopencm3_stm32f0.a(usart_common_v2.o)
 .debug_line    0x0000000000008e56      0x3b4 ./libopencm3//lib/libopencm3_stm32f0.a(vector.o)
 .debug_line    0x000000000000920a      0x35a ./libopencm3//lib/libopencm3_stm32f0.a(systick.o)
 .debug_line    0x0000000000009564      0x337 ./libopencm3//lib/libopencm3_stm32f0.a(nvic.o)
 .debug_line    0x000000000000989b      0x1a8 ./libopencm3//lib/libopencm3_stm32f0.a(assert.o)
 .debug_line    0x0000000000009a43      0x2fe ./libopencm3//lib/libopencm3_stm32f0.a(flash_common_all.o)

.debug_str      0x0000000000000000    0x1b7da
 .debug_str     0x0000000000000000    0x16a15 build/main.o
                                      0x16cf0 (size before relaxing)
 .debug_str     0x0000000000016a15       0x36 build/eeprom_i2c.o
                                       0x83c9 (size before relaxing)
 .debug_str     0x0000000000016a4b       0x81 build/font_compressed.o
                                       0x3ba6 (size before relaxing)
 .debug_str     0x0000000000016acc      0x208 build/tinyprintf.o
                                       0x52a4 (size before relaxing)
 .debug_str     0x0000000000016cd4      0x91a build/ssd1306.o
                                       0x9422 (size before relaxing)
 .debug_str     0x00000000000175ee      0x4d4 ./libopencm3//lib/libopencm3_stm32f0.a(adc.o)
                                       0x5cf5 (size before relaxing)
 .debug_str     0x0000000000017ac2      0x2c2 ./libopencm3//lib/libopencm3_stm32f0.a(adc_common_v2.o)
                                       0x5b99 (size before relaxing)
 .debug_str     0x0000000000017d84      0x1e8 ./libopencm3//lib/libopencm3_stm32f0.a(dma_common_l1f013.o)
                                       0x691c (size before relaxing)
 .debug_str     0x0000000000017f6c       0x1c ./libopencm3//lib/libopencm3_stm32f0.a(dma_common_csel.o)
                                       0x65fe (size before relaxing)
 .debug_str     0x0000000000017f88      0x751 ./libopencm3//lib/libopencm3_stm32f0.a(exti_common_all.o)
                                       0x68ed (size before relaxing)
 .debug_str     0x00000000000186d9       0x63 ./libopencm3//lib/libopencm3_stm32f0.a(gpio_common_all.o)
                                       0x5e29 (size before relaxing)
 .debug_str     0x000000000001873c       0x5b ./libopencm3//lib/libopencm3_stm32f0.a(gpio_common_f0234.o)
                                       0x5e4b (size before relaxing)
 .debug_str     0x0000000000018797       0x9f ./libopencm3//lib/libopencm3_stm32f0.a(iwdg_common_all.o)
                                       0x4bd3 (size before relaxing)
 .debug_str     0x0000000000018836      0x472 ./libopencm3//lib/libopencm3_stm32f0.a(i2c_common_v2.o)
                                       0x8676 (size before relaxing)
 .debug_str     0x0000000000018ca8      0xc57 ./libopencm3//lib/libopencm3_stm32f0.a(rcc.o)
                                       0x8e2f (size before relaxing)
 .debug_str     0x00000000000198ff      0x168 ./libopencm3//lib/libopencm3_stm32f0.a(rcc_common_all.o)
                                       0x741b (size before relaxing)
 .debug_str     0x0000000000019a67      0x9d6 ./libopencm3//lib/libopencm3_stm32f0.a(timer_common_all.o)
                                       0xbbea (size before relaxing)
 .debug_str     0x000000000001a43d      0x18f ./libopencm3//lib/libopencm3_stm32f0.a(usart_common_all.o)
                                       0x8d06 (size before relaxing)
 .debug_str     0x000000000001a5cc      0x190 ./libopencm3//lib/libopencm3_stm32f0.a(usart_common_v2.o)
                                       0x66b7 (size before relaxing)
 .debug_str     0x000000000001a75c      0xe87 ./libopencm3//lib/libopencm3_stm32f0.a(vector.o)
                                       0x525a (size before relaxing)
 .debug_str     0x000000000001b5e3       0xd7 ./libopencm3//lib/libopencm3_stm32f0.a(systick.o)
                                       0x42da (size before relaxing)
 .debug_str     0x000000000001b6ba       0x8f ./libopencm3//lib/libopencm3_stm32f0.a(nvic.o)
                                       0x4ce7 (size before relaxing)
 .debug_str     0x000000000001b749       0x43 ./libopencm3//lib/libopencm3_stm32f0.a(assert.o)
                                       0x3f0c (size before relaxing)
 .debug_str     0x000000000001b78c       0x4e ./libopencm3//lib/libopencm3_stm32f0.a(flash_common_all.o)
                                       0x52ee (size before relaxing)

.comment        0x0000000000000000       0x1e
 .comment       0x0000000000000000       0x1e build/main.o
                                         0x1f (size before relaxing)
 .comment       0x000000000000001e       0x1f build/eeprom_i2c.o
 .comment       0x000000000000001e       0x1f build/font_compressed.o
 .comment       0x000000000000001e       0x1f build/tinyprintf.o
 .comment       0x000000000000001e       0x1f build/ssd1306.o
 .comment       0x000000000000001e       0x1f ./libopencm3//lib/libopencm3_stm32f0.a(adc.o)
 .comment       0x000000000000001e       0x1f ./libopencm3//lib/libopencm3_stm32f0.a(adc_common_v2.o)
 .comment       0x000000000000001e       0x1f ./libopencm3//lib/libopencm3_stm32f0.a(dma_common_l1f013.o)
 .comment       0x000000000000001e       0x1f ./libopencm3//lib/libopencm3_stm32f0.a(dma_common_csel.o)
 .comment       0x000000000000001e       0x1f ./libopencm3//lib/libopencm3_stm32f0.a(exti_common_all.o)
 .comment       0x000000000000001e       0x1f ./libopencm3//lib/libopencm3_stm32f0.a(gpio_common_all.o)
 .comment       0x000000000000001e       0x1f ./libopencm3//lib/libopencm3_stm32f0.a(gpio_common_f0234.o)
 .comment       0x000000000000001e       0x1f ./libopencm3//lib/libopencm3_stm32f0.a(iwdg_common_all.o)
 .comment       0x000000000000001e       0x1f ./libopencm3//lib/libopencm3_stm32f0.a(i2c_common_v2.o)
 .comment       0x000000000000001e       0x1f ./libopencm3//lib/libopencm3_stm32f0.a(rcc.o)
 .comment       0x000000000000001e       0x1f ./libopencm3//lib/libopencm3_stm32f0.a(rcc_common_all.o)
 .comment       0x000000000000001e       0x1f ./libopencm3//lib/libopencm3_stm32f0.a(timer_common_all.o)
 .comment       0x000000000000001e       0x1f ./libopencm3//lib/libopencm3_stm32f0.a(usart_common_all.o)
 .comment       0x000000000000001e       0x1f ./libopencm3//lib/libopencm3_stm32f0.a(usart_common_v2.o)
 .comment       0x000000000000001e       0x1f ./libopencm3//lib/libopencm3_stm32f0.a(vector.o)
 .comment       0x000000000000001e       0x1f ./libopencm3//lib/libopencm3_stm32f0.a(systick.o)
 .comment       0x000000000000001e       0x1f ./libopencm3//lib/libopencm3_stm32f0.a(nvic.o)
 .comment       0x000000000000001e       0x1f ./libopencm3//lib/libopencm3_stm32f0.a(assert.o)
 .comment       0x000000000000001e       0x1f ./libopencm3//lib/libopencm3_stm32f0.a(flash_common_all.o)

.ARM.attributes
                0x0000000000000000       0x2c
 .ARM.attributes
                0x0000000000000000       0x2c build/main.o
 .ARM.attributes
                0x000000000000002c       0x2c build/eeprom_i2c.o
 .ARM.attributes
                0x0000000000000058       0x31 build/font_compressed.o
 .ARM.attributes
                0x0000000000000089       0x2c build/tinyprintf.o
 .ARM.attributes
                0x00000000000000b5       0x2c build/ssd1306.o
 .ARM.attributes
                0x00000000000000e1       0x2c ./libopencm3//lib/libopencm3_stm32f0.a(adc.o)
 .ARM.attributes
                0x000000000000010d       0x2c ./libopencm3//lib/libopencm3_stm32f0.a(adc_common_v2.o)
 .ARM.attributes
                0x0000000000000139       0x2c ./libopencm3//lib/libopencm3_stm32f0.a(dma_common_l1f013.o)
 .ARM.attributes
                0x0000000000000165       0x2c ./libopencm3//lib/libopencm3_stm32f0.a(dma_common_csel.o)
 .ARM.attributes
                0x0000000000000191       0x2c ./libopencm3//lib/libopencm3_stm32f0.a(exti_common_all.o)
 .ARM.attributes
                0x00000000000001bd       0x2c ./libopencm3//lib/libopencm3_stm32f0.a(gpio_common_all.o)
 .ARM.attributes
                0x00000000000001e9       0x2c ./libopencm3//lib/libopencm3_stm32f0.a(gpio_common_f0234.o)
 .ARM.attributes
                0x0000000000000215       0x2c ./libopencm3//lib/libopencm3_stm32f0.a(iwdg_common_all.o)
 .ARM.attributes
                0x0000000000000241       0x2c ./libopencm3//lib/libopencm3_stm32f0.a(i2c_common_v2.o)
 .ARM.attributes
                0x000000000000026d       0x2c ./libopencm3//lib/libopencm3_stm32f0.a(rcc.o)
 .ARM.attributes
                0x0000000000000299       0x2c ./libopencm3//lib/libopencm3_stm32f0.a(rcc_common_all.o)
 .ARM.attributes
                0x00000000000002c5       0x2c ./libopencm3//lib/libopencm3_stm32f0.a(timer_common_all.o)
 .ARM.attributes
                0x00000000000002f1       0x2c ./libopencm3//lib/libopencm3_stm32f0.a(usart_common_all.o)
 .ARM.attributes
                0x000000000000031d       0x2c ./libopencm3//lib/libopencm3_stm32f0.a(usart_common_v2.o)
 .ARM.attributes
                0x0000000000000349       0x2c ./libopencm3//lib/libopencm3_stm32f0.a(vector.o)
 .ARM.attributes
                0x0000000000000375       0x2c ./libopencm3//lib/libopencm3_stm32f0.a(systick.o)
 .ARM.attributes
                0x00000000000003a1       0x2c ./libopencm3//lib/libopencm3_stm32f0.a(nvic.o)
 .ARM.attributes
                0x00000000000003cd       0x2c ./libopencm3//lib/libopencm3_stm32f0.a(assert.o)
 .ARM.attributes
                0x00000000000003f9       0x2c ./libopencm3//lib/libopencm3_stm32f0.a(flash_common_all.o)
 .ARM.attributes
                0x0000000000000425       0x2c /usr/lib/gcc/arm-none-eabi/10.2.0/../../../../arm-none-eabi/lib/thumb/v6-m/nofp/libc.a(lib_a-itoa.o)
 .ARM.attributes
                0x0000000000000451       0x2c /usr/lib/gcc/arm-none-eabi/10.2.0/../../../../arm-none-eabi/lib/thumb/v6-m/nofp/libc.a(lib_a-memcpy-stub.o)
 .ARM.attributes
                0x000000000000047d       0x2c /usr/lib/gcc/arm-none-eabi/10.2.0/../../../../arm-none-eabi/lib/thumb/v6-m/nofp/libc.a(lib_a-strlen-stub.o)
 .ARM.attributes
                0x00000000000004a9       0x2c /usr/lib/gcc/arm-none-eabi/10.2.0/../../../../arm-none-eabi/lib/thumb/v6-m/nofp/libc.a(lib_a-utoa.o)
 .ARM.attributes
                0x00000000000004d5       0x1e /usr/lib/gcc/arm-none-eabi/10.2.0/thumb/v6-m/nofp/libgcc.a(_thumb1_case_sqi.o)
 .ARM.attributes
                0x00000000000004f3       0x1e /usr/lib/gcc/arm-none-eabi/10.2.0/thumb/v6-m/nofp/libgcc.a(_thumb1_case_uqi.o)
 .ARM.attributes
                0x0000000000000511       0x1e /usr/lib/gcc/arm-none-eabi/10.2.0/thumb/v6-m/nofp/libgcc.a(_udivsi3.o)
 .ARM.attributes
                0x000000000000052f       0x1e /usr/lib/gcc/arm-none-eabi/10.2.0/thumb/v6-m/nofp/libgcc.a(_divsi3.o)
 .ARM.attributes
                0x000000000000054d       0x1e /usr/lib/gcc/arm-none-eabi/10.2.0/thumb/v6-m/nofp/libgcc.a(_dvmd_tls.o)
 .ARM.attributes
                0x000000000000056b       0x1e /usr/lib/gcc/arm-none-eabi/10.2.0/thumb/v6-m/nofp/libgcc.a(_aeabi_uldivmod.o)
 .ARM.attributes
                0x0000000000000589       0x2c /usr/lib/gcc/arm-none-eabi/10.2.0/thumb/v6-m/nofp/libgcc.a(_muldi3.o)
 .ARM.attributes
                0x00000000000005b5       0x2c /usr/lib/gcc/arm-none-eabi/10.2.0/thumb/v6-m/nofp/libgcc.a(_udivmoddi4.o)
 .ARM.attributes
                0x00000000000005e1       0x1e /usr/lib/gcc/arm-none-eabi/10.2.0/thumb/v6-m/nofp/libgcc.a(_lshrdi3.o)
 .ARM.attributes
                0x00000000000005ff       0x1e /usr/lib/gcc/arm-none-eabi/10.2.0/thumb/v6-m/nofp/libgcc.a(_ashldi3.o)
 .ARM.attributes
                0x000000000000061d       0x1e /usr/lib/gcc/arm-none-eabi/10.2.0/thumb/v6-m/nofp/libgcc.a(_clzsi2.o)
 .ARM.attributes
                0x000000000000063b       0x1e /usr/lib/gcc/arm-none-eabi/10.2.0/thumb/v6-m/nofp/libgcc.a(_clzdi2.o)

.debug_frame    0x0000000000000000     0x1fbc
 .debug_frame   0x0000000000000000      0x1b8 build/main.o
 .debug_frame   0x00000000000001b8       0x50 build/eeprom_i2c.o
 .debug_frame   0x0000000000000208      0x168 build/tinyprintf.o
 .debug_frame   0x0000000000000370      0x290 build/ssd1306.o
 .debug_frame   0x0000000000000600      0x1bc ./libopencm3//lib/libopencm3_stm32f0.a(adc.o)
 .debug_frame   0x00000000000007bc      0x250 ./libopencm3//lib/libopencm3_stm32f0.a(adc_common_v2.o)
 .debug_frame   0x0000000000000a0c      0x1b0 ./libopencm3//lib/libopencm3_stm32f0.a(dma_common_l1f013.o)
 .debug_frame   0x0000000000000bbc       0x2c ./libopencm3//lib/libopencm3_stm32f0.a(dma_common_csel.o)
 .debug_frame   0x0000000000000be8       0x84 ./libopencm3//lib/libopencm3_stm32f0.a(exti_common_all.o)
 .debug_frame   0x0000000000000c6c       0x80 ./libopencm3//lib/libopencm3_stm32f0.a(gpio_common_all.o)
 .debug_frame   0x0000000000000cec       0x78 ./libopencm3//lib/libopencm3_stm32f0.a(gpio_common_f0234.o)
 .debug_frame   0x0000000000000d64       0x6c ./libopencm3//lib/libopencm3_stm32f0.a(iwdg_common_all.o)
 .debug_frame   0x0000000000000dd0      0x2e4 ./libopencm3//lib/libopencm3_stm32f0.a(i2c_common_v2.o)
 .debug_frame   0x00000000000010b4      0x26c ./libopencm3//lib/libopencm3_stm32f0.a(rcc.o)
 .debug_frame   0x0000000000001320       0xe0 ./libopencm3//lib/libopencm3_stm32f0.a(rcc_common_all.o)
 .debug_frame   0x0000000000001400      0x560 ./libopencm3//lib/libopencm3_stm32f0.a(timer_common_all.o)
 .debug_frame   0x0000000000001960      0x16c ./libopencm3//lib/libopencm3_stm32f0.a(usart_common_all.o)
 .debug_frame   0x0000000000001acc      0x130 ./libopencm3//lib/libopencm3_stm32f0.a(usart_common_v2.o)
 .debug_frame   0x0000000000001bfc       0x48 ./libopencm3//lib/libopencm3_stm32f0.a(vector.o)
 .debug_frame   0x0000000000001c44       0xd8 ./libopencm3//lib/libopencm3_stm32f0.a(systick.o)
 .debug_frame   0x0000000000001d1c       0x88 ./libopencm3//lib/libopencm3_stm32f0.a(nvic.o)
 .debug_frame   0x0000000000001da4       0x38 ./libopencm3//lib/libopencm3_stm32f0.a(assert.o)
 .debug_frame   0x0000000000001ddc       0x50 ./libopencm3//lib/libopencm3_stm32f0.a(flash_common_all.o)
 .debug_frame   0x0000000000001e2c       0x40 /usr/lib/gcc/arm-none-eabi/10.2.0/../../../../arm-none-eabi/lib/thumb/v6-m/nofp/libc.a(lib_a-itoa.o)
 .debug_frame   0x0000000000001e6c       0x34 /usr/lib/gcc/arm-none-eabi/10.2.0/../../../../arm-none-eabi/lib/thumb/v6-m/nofp/libc.a(lib_a-memcpy-stub.o)
 .debug_frame   0x0000000000001ea0       0x28 /usr/lib/gcc/arm-none-eabi/10.2.0/../../../../arm-none-eabi/lib/thumb/v6-m/nofp/libc.a(lib_a-strlen-stub.o)
 .debug_frame   0x0000000000001ec8       0x50 /usr/lib/gcc/arm-none-eabi/10.2.0/../../../../arm-none-eabi/lib/thumb/v6-m/nofp/libc.a(lib_a-utoa.o)
 .debug_frame   0x0000000000001f18       0x20 /usr/lib/gcc/arm-none-eabi/10.2.0/thumb/v6-m/nofp/libgcc.a(_udivsi3.o)
 .debug_frame   0x0000000000001f38       0x20 /usr/lib/gcc/arm-none-eabi/10.2.0/thumb/v6-m/nofp/libgcc.a(_divsi3.o)
 .debug_frame   0x0000000000001f58       0x34 /usr/lib/gcc/arm-none-eabi/10.2.0/thumb/v6-m/nofp/libgcc.a(_muldi3.o)
 .debug_frame   0x0000000000001f8c       0x30 /usr/lib/gcc/arm-none-eabi/10.2.0/thumb/v6-m/nofp/libgcc.a(_udivmoddi4.o)

Cross Reference Table

Symbol                                            File
CompFont_11x18                                    build/font_compressed.o
                                                  build/main.o
CompFont_16x26_NUMC                               build/font_compressed.o
                                                  build/main.o
CompFont_7x10                                     build/font_compressed.o
                                                  build/main.o
__aeabi_d2f                                       /usr/lib/gcc/arm-none-eabi/10.2.0/thumb/v6-m/nofp/libgcc.a(truncdfsf2.o)
                                                  build/ssd1306.o
__aeabi_d2iz                                      /usr/lib/gcc/arm-none-eabi/10.2.0/thumb/v6-m/nofp/libgcc.a(fixdfsi.o)
                                                  build/ssd1306.o
__aeabi_ddiv                                      /usr/lib/gcc/arm-none-eabi/10.2.0/thumb/v6-m/nofp/libgcc.a(divdf3.o)
                                                  build/ssd1306.o
__aeabi_dmul                                      /usr/lib/gcc/arm-none-eabi/10.2.0/thumb/v6-m/nofp/libgcc.a(muldf3.o)
                                                  build/ssd1306.o
__aeabi_f2d                                       /usr/lib/gcc/arm-none-eabi/10.2.0/thumb/v6-m/nofp/libgcc.a(extendsfdf2.o)
                                                  build/ssd1306.o
__aeabi_fdiv                                      /usr/lib/gcc/arm-none-eabi/10.2.0/thumb/v6-m/nofp/libgcc.a(divsf3.o)
                                                  build/ssd1306.o
__aeabi_fmul                                      /usr/lib/gcc/arm-none-eabi/10.2.0/thumb/v6-m/nofp/libgcc.a(mulsf3.o)
                                                  build/ssd1306.o
__aeabi_i2d                                       /usr/lib/gcc/arm-none-eabi/10.2.0/thumb/v6-m/nofp/libgcc.a(floatsidf.o)
                                                  build/ssd1306.o
__aeabi_idiv                                      /usr/lib/gcc/arm-none-eabi/10.2.0/thumb/v6-m/nofp/libgcc.a(_divsi3.o)
                                                  build/ssd1306.o
                                                  build/main.o
__aeabi_idiv0                                     /usr/lib/gcc/arm-none-eabi/10.2.0/thumb/v6-m/nofp/libgcc.a(_dvmd_tls.o)
                                                  /usr/lib/gcc/arm-none-eabi/10.2.0/thumb/v6-m/nofp/libgcc.a(_divsi3.o)
                                                  /usr/lib/gcc/arm-none-eabi/10.2.0/thumb/v6-m/nofp/libgcc.a(_udivsi3.o)
__aeabi_idivmod                                   /usr/lib/gcc/arm-none-eabi/10.2.0/thumb/v6-m/nofp/libgcc.a(_divsi3.o)
__aeabi_ldiv0                                     /usr/lib/gcc/arm-none-eabi/10.2.0/thumb/v6-m/nofp/libgcc.a(_dvmd_tls.o)
                                                  /usr/lib/gcc/arm-none-eabi/10.2.0/thumb/v6-m/nofp/libgcc.a(_aeabi_uldivmod.o)
                                                  /usr/lib/gcc/arm-none-eabi/10.2.0/thumb/v6-m/nofp/libgcc.a(_aeabi_ldivmod.o)
__aeabi_ldivmod                                   /usr/lib/gcc/arm-none-eabi/10.2.0/thumb/v6-m/nofp/libgcc.a(_aeabi_ldivmod.o)
                                                  build/main.o
__aeabi_llsl                                      /usr/lib/gcc/arm-none-eabi/10.2.0/thumb/v6-m/nofp/libgcc.a(_ashldi3.o)
                                                  /usr/lib/gcc/arm-none-eabi/10.2.0/thumb/v6-m/nofp/libgcc.a(_divdi3.o)
                                                  /usr/lib/gcc/arm-none-eabi/10.2.0/thumb/v6-m/nofp/libgcc.a(_udivmoddi4.o)
__aeabi_llsr                                      /usr/lib/gcc/arm-none-eabi/10.2.0/thumb/v6-m/nofp/libgcc.a(_lshrdi3.o)
                                                  /usr/lib/gcc/arm-none-eabi/10.2.0/thumb/v6-m/nofp/libgcc.a(_divdi3.o)
                                                  /usr/lib/gcc/arm-none-eabi/10.2.0/thumb/v6-m/nofp/libgcc.a(_udivmoddi4.o)
__aeabi_lmul                                      /usr/lib/gcc/arm-none-eabi/10.2.0/thumb/v6-m/nofp/libgcc.a(_muldi3.o)
                                                  /usr/lib/gcc/arm-none-eabi/10.2.0/thumb/v6-m/nofp/libgcc.a(bpabi.o)
                                                  build/tinyprintf.o
                                                  build/main.o
__aeabi_ui2f                                      /usr/lib/gcc/arm-none-eabi/10.2.0/thumb/v6-m/nofp/libgcc.a(floatunsisf.o)
                                                  build/ssd1306.o
__aeabi_uidiv                                     /usr/lib/gcc/arm-none-eabi/10.2.0/thumb/v6-m/nofp/libgcc.a(_udivsi3.o)
                                                  ./libopencm3//lib/libopencm3_stm32f0.a(systick.o)
                                                  ./libopencm3//lib/libopencm3_stm32f0.a(usart_common_all.o)
                                                  build/ssd1306.o
                                                  build/tinyprintf.o
                                                  build/main.o
__aeabi_uidivmod                                  /usr/lib/gcc/arm-none-eabi/10.2.0/thumb/v6-m/nofp/libgcc.a(_udivsi3.o)
                                                  /usr/lib/gcc/arm-none-eabi/10.2.0/thumb/v6-m/nofp/libgcc.a(divdf3.o)
                                                  /usr/lib/gcc/arm-none-eabi/10.2.0/../../../../arm-none-eabi/lib/thumb/v6-m/nofp/libc.a(lib_a-utoa.o)
                                                  build/tinyprintf.o
__aeabi_uldivmod                                  /usr/lib/gcc/arm-none-eabi/10.2.0/thumb/v6-m/nofp/libgcc.a(_aeabi_uldivmod.o)
                                                  build/tinyprintf.o
                                                  build/main.o
__ashldi3                                         /usr/lib/gcc/arm-none-eabi/10.2.0/thumb/v6-m/nofp/libgcc.a(_ashldi3.o)
__clzdi2                                          /usr/lib/gcc/arm-none-eabi/10.2.0/thumb/v6-m/nofp/libgcc.a(_clzdi2.o)
                                                  /usr/lib/gcc/arm-none-eabi/10.2.0/thumb/v6-m/nofp/libgcc.a(_divdi3.o)
                                                  /usr/lib/gcc/arm-none-eabi/10.2.0/thumb/v6-m/nofp/libgcc.a(_udivmoddi4.o)
__clzsi2                                          /usr/lib/gcc/arm-none-eabi/10.2.0/thumb/v6-m/nofp/libgcc.a(_clzsi2.o)
                                                  /usr/lib/gcc/arm-none-eabi/10.2.0/thumb/v6-m/nofp/libgcc.a(_clzdi2.o)
                                                  /usr/lib/gcc/arm-none-eabi/10.2.0/thumb/v6-m/nofp/libgcc.a(extendsfdf2.o)
                                                  /usr/lib/gcc/arm-none-eabi/10.2.0/thumb/v6-m/nofp/libgcc.a(floatsidf.o)
                                                  /usr/lib/gcc/arm-none-eabi/10.2.0/thumb/v6-m/nofp/libgcc.a(muldf3.o)
                                                  /usr/lib/gcc/arm-none-eabi/10.2.0/thumb/v6-m/nofp/libgcc.a(divdf3.o)
                                                  /usr/lib/gcc/arm-none-eabi/10.2.0/thumb/v6-m/nofp/libgcc.a(floatunsisf.o)
                                                  /usr/lib/gcc/arm-none-eabi/10.2.0/thumb/v6-m/nofp/libgcc.a(mulsf3.o)
                                                  /usr/lib/gcc/arm-none-eabi/10.2.0/thumb/v6-m/nofp/libgcc.a(divsf3.o)
__divdi3                                          /usr/lib/gcc/arm-none-eabi/10.2.0/thumb/v6-m/nofp/libgcc.a(_divdi3.o)
                                                  /usr/lib/gcc/arm-none-eabi/10.2.0/thumb/v6-m/nofp/libgcc.a(bpabi.o)
__divsi3                                          /usr/lib/gcc/arm-none-eabi/10.2.0/thumb/v6-m/nofp/libgcc.a(_divsi3.o)
__fini_array_end                                  ./libopencm3//lib/libopencm3_stm32f0.a(vector.o)
__fini_array_start                                ./libopencm3//lib/libopencm3_stm32f0.a(vector.o)
__gnu_ldivmod_helper                              /usr/lib/gcc/arm-none-eabi/10.2.0/thumb/v6-m/nofp/libgcc.a(bpabi.o)
                                                  /usr/lib/gcc/arm-none-eabi/10.2.0/thumb/v6-m/nofp/libgcc.a(_aeabi_ldivmod.o)
__gnu_thumb1_case_sqi                             /usr/lib/gcc/arm-none-eabi/10.2.0/thumb/v6-m/nofp/libgcc.a(_thumb1_case_sqi.o)
                                                  build/tinyprintf.o
__gnu_thumb1_case_uhi                             /usr/lib/gcc/arm-none-eabi/10.2.0/thumb/v6-m/nofp/libgcc.a(_thumb1_case_uhi.o)
                                                  /usr/lib/gcc/arm-none-eabi/10.2.0/thumb/v6-m/nofp/libgcc.a(muldf3.o)
                                                  /usr/lib/gcc/arm-none-eabi/10.2.0/thumb/v6-m/nofp/libgcc.a(divdf3.o)
__gnu_thumb1_case_uqi                             /usr/lib/gcc/arm-none-eabi/10.2.0/thumb/v6-m/nofp/libgcc.a(_thumb1_case_uqi.o)
                                                  /usr/lib/gcc/arm-none-eabi/10.2.0/thumb/v6-m/nofp/libgcc.a(mulsf3.o)
                                                  /usr/lib/gcc/arm-none-eabi/10.2.0/thumb/v6-m/nofp/libgcc.a(divsf3.o)
                                                  ./libopencm3//lib/libopencm3_stm32f0.a(timer_common_all.o)
                                                  ./libopencm3//lib/libopencm3_stm32f0.a(rcc.o)
                                                  build/main.o
__init_array_end                                  ./libopencm3//lib/libopencm3_stm32f0.a(vector.o)
__init_array_start                                ./libopencm3//lib/libopencm3_stm32f0.a(vector.o)
__itoa                                            /usr/lib/gcc/arm-none-eabi/10.2.0/../../../../arm-none-eabi/lib/thumb/v6-m/nofp/libc.a(lib_a-itoa.o)
__lshrdi3                                         /usr/lib/gcc/arm-none-eabi/10.2.0/thumb/v6-m/nofp/libgcc.a(_lshrdi3.o)
__muldi3                                          /usr/lib/gcc/arm-none-eabi/10.2.0/thumb/v6-m/nofp/libgcc.a(_muldi3.o)
__preinit_array_end                               ./libopencm3//lib/libopencm3_stm32f0.a(vector.o)
__preinit_array_start                             ./libopencm3//lib/libopencm3_stm32f0.a(vector.o)
__udivmoddi4                                      /usr/lib/gcc/arm-none-eabi/10.2.0/thumb/v6-m/nofp/libgcc.a(_udivmoddi4.o)
                                                  /usr/lib/gcc/arm-none-eabi/10.2.0/thumb/v6-m/nofp/libgcc.a(_aeabi_uldivmod.o)
__udivsi3                                         /usr/lib/gcc/arm-none-eabi/10.2.0/thumb/v6-m/nofp/libgcc.a(_udivsi3.o)
__utoa                                            /usr/lib/gcc/arm-none-eabi/10.2.0/../../../../arm-none-eabi/lib/thumb/v6-m/nofp/libc.a(lib_a-utoa.o)
                                                  /usr/lib/gcc/arm-none-eabi/10.2.0/../../../../arm-none-eabi/lib/thumb/v6-m/nofp/libc.a(lib_a-itoa.o)
_data                                             ./libopencm3//lib/libopencm3_stm32f0.a(vector.o)
_data_loadaddr                                    ./libopencm3//lib/libopencm3_stm32f0.a(vector.o)
_ebss                                             ./libopencm3//lib/libopencm3_stm32f0.a(vector.o)
_edata                                            ./libopencm3//lib/libopencm3_stm32f0.a(vector.o)
_stack                                            ./libopencm3//lib/libopencm3_stm32f0.a(vector.o)
adc_calibrate                                     ./libopencm3//lib/libopencm3_stm32f0.a(adc_common_v2.o)
                                                  build/main.o
adc_calibrate_async                               ./libopencm3//lib/libopencm3_stm32f0.a(adc_common_v2.o)
adc_calibrate_start                               ./libopencm3//lib/libopencm3_stm32f0.a(adc.o)
adc_calibrate_wait_finish                         ./libopencm3//lib/libopencm3_stm32f0.a(adc.o)
adc_clear_eoc_sequence_flag                       ./libopencm3//lib/libopencm3_stm32f0.a(adc.o)
adc_clear_overrun_flag                            ./libopencm3//lib/libopencm3_stm32f0.a(adc_common_v2.o)
adc_clear_watchdog_flag                           ./libopencm3//lib/libopencm3_stm32f0.a(adc.o)
adc_comp_isr                                      ./libopencm3//lib/libopencm3_stm32f0.a(vector.o)
adc_disable_analog_watchdog                       ./libopencm3//lib/libopencm3_stm32f0.a(adc.o)
adc_disable_delayed_conversion_mode               ./libopencm3//lib/libopencm3_stm32f0.a(adc_common_v2.o)
adc_disable_discontinuous_mode                    ./libopencm3//lib/libopencm3_stm32f0.a(adc.o)
adc_disable_dma                                   ./libopencm3//lib/libopencm3_stm32f0.a(adc_common_v2.o)
adc_disable_dma_circular_mode                     ./libopencm3//lib/libopencm3_stm32f0.a(adc_common_v2.o)
adc_disable_eoc_interrupt                         ./libopencm3//lib/libopencm3_stm32f0.a(adc_common_v2.o)
adc_disable_eoc_sequence_interrupt                ./libopencm3//lib/libopencm3_stm32f0.a(adc.o)
adc_disable_external_trigger_regular              ./libopencm3//lib/libopencm3_stm32f0.a(adc.o)
adc_disable_overrun_interrupt                     ./libopencm3//lib/libopencm3_stm32f0.a(adc_common_v2.o)
adc_disable_temperature_sensor                    ./libopencm3//lib/libopencm3_stm32f0.a(adc_common_v2.o)
adc_disable_vbat_sensor                           ./libopencm3//lib/libopencm3_stm32f0.a(adc.o)
adc_disable_vrefint                               ./libopencm3//lib/libopencm3_stm32f0.a(adc_common_v2.o)
adc_disable_watchdog_interrupt                    ./libopencm3//lib/libopencm3_stm32f0.a(adc.o)
adc_enable_analog_watchdog_on_all_channels        ./libopencm3//lib/libopencm3_stm32f0.a(adc.o)
adc_enable_analog_watchdog_on_selected_channel    ./libopencm3//lib/libopencm3_stm32f0.a(adc.o)
adc_enable_delayed_conversion_mode                ./libopencm3//lib/libopencm3_stm32f0.a(adc_common_v2.o)
adc_enable_discontinuous_mode                     ./libopencm3//lib/libopencm3_stm32f0.a(adc.o)
adc_enable_dma                                    ./libopencm3//lib/libopencm3_stm32f0.a(adc_common_v2.o)
                                                  build/main.o
adc_enable_dma_circular_mode                      ./libopencm3//lib/libopencm3_stm32f0.a(adc_common_v2.o)
adc_enable_eoc_interrupt                          ./libopencm3//lib/libopencm3_stm32f0.a(adc_common_v2.o)
adc_enable_eoc_sequence_interrupt                 ./libopencm3//lib/libopencm3_stm32f0.a(adc.o)
adc_enable_external_trigger_regular               ./libopencm3//lib/libopencm3_stm32f0.a(adc.o)
                                                  build/main.o
adc_enable_overrun_interrupt                      ./libopencm3//lib/libopencm3_stm32f0.a(adc_common_v2.o)
adc_enable_temperature_sensor                     ./libopencm3//lib/libopencm3_stm32f0.a(adc_common_v2.o)
adc_enable_vbat_sensor                            ./libopencm3//lib/libopencm3_stm32f0.a(adc.o)
adc_enable_vrefint                                ./libopencm3//lib/libopencm3_stm32f0.a(adc_common_v2.o)
                                                  build/main.o
adc_enable_watchdog_interrupt                     ./libopencm3//lib/libopencm3_stm32f0.a(adc.o)
adc_eoc                                           ./libopencm3//lib/libopencm3_stm32f0.a(adc_common_v2.o)
adc_eos                                           ./libopencm3//lib/libopencm3_stm32f0.a(adc_common_v2.o)
adc_get_eoc_sequence_flag                         ./libopencm3//lib/libopencm3_stm32f0.a(adc.o)
adc_get_overrun_flag                              ./libopencm3//lib/libopencm3_stm32f0.a(adc_common_v2.o)
adc_get_watchdog_flag                             ./libopencm3//lib/libopencm3_stm32f0.a(adc.o)
adc_is_calibrating                                ./libopencm3//lib/libopencm3_stm32f0.a(adc_common_v2.o)
adc_is_power_off                                  ./libopencm3//lib/libopencm3_stm32f0.a(adc_common_v2.o)
adc_is_power_on                                   ./libopencm3//lib/libopencm3_stm32f0.a(adc_common_v2.o)
adc_power_off                                     ./libopencm3//lib/libopencm3_stm32f0.a(adc_common_v2.o)
adc_power_off_async                               ./libopencm3//lib/libopencm3_stm32f0.a(adc_common_v2.o)
adc_power_on                                      ./libopencm3//lib/libopencm3_stm32f0.a(adc_common_v2.o)
                                                  build/main.o
adc_power_on_async                                ./libopencm3//lib/libopencm3_stm32f0.a(adc_common_v2.o)
adc_read_regular                                  ./libopencm3//lib/libopencm3_stm32f0.a(adc_common_v2.o)
adc_set_clk_source                                ./libopencm3//lib/libopencm3_stm32f0.a(adc.o)
adc_set_continuous_conversion_mode                ./libopencm3//lib/libopencm3_stm32f0.a(adc_common_v2.o)
adc_set_left_aligned                              ./libopencm3//lib/libopencm3_stm32f0.a(adc_common_v2.o)
adc_set_operation_mode                            ./libopencm3//lib/libopencm3_stm32f0.a(adc.o)
adc_set_regular_sequence                          ./libopencm3//lib/libopencm3_stm32f0.a(adc.o)
                                                  build/main.o
adc_set_resolution                                ./libopencm3//lib/libopencm3_stm32f0.a(adc_common_v2.o)
adc_set_right_aligned                             ./libopencm3//lib/libopencm3_stm32f0.a(adc_common_v2.o)
adc_set_sample_time_on_all_channels               ./libopencm3//lib/libopencm3_stm32f0.a(adc.o)
                                                  build/main.o
adc_set_single_conversion_mode                    ./libopencm3//lib/libopencm3_stm32f0.a(adc_common_v2.o)
adc_set_watchdog_high_threshold                   ./libopencm3//lib/libopencm3_stm32f0.a(adc.o)
adc_set_watchdog_low_threshold                    ./libopencm3//lib/libopencm3_stm32f0.a(adc.o)
adc_start_conversion_regular                      ./libopencm3//lib/libopencm3_stm32f0.a(adc_common_v2.o)
                                                  build/main.o
adc_values                                        build/main.o
blocking_handler                                  ./libopencm3//lib/libopencm3_stm32f0.a(vector.o)
cec_can_isr                                       ./libopencm3//lib/libopencm3_stm32f0.a(vector.o)
cm3_assert_failed                                 ./libopencm3//lib/libopencm3_stm32f0.a(assert.o)